Archive member included to satisfy reference by file (symbol)

E:/STM32CubeIDE_1.19.0/STM32CubeIDE/plugins/com.st.stm32cube.ide.mcu.externaltools.gnu-tools-for-stm32.13.3.rel1.win32_1.0.0.202411081344/tools/bin/../lib/gcc/arm-none-eabi/13.3.1/../../../../arm-none-eabi/lib/thumb/v7e-m+fp/hard\libc_nano.a(libc_a-exit.o)
                              E:/STM32CubeIDE_1.19.0/STM32CubeIDE/plugins/com.st.stm32cube.ide.mcu.externaltools.gnu-tools-for-stm32.13.3.rel1.win32_1.0.0.202411081344/tools/bin/../lib/gcc/arm-none-eabi/13.3.1/../../../../arm-none-eabi/lib/thumb/v7e-m+fp/hard/crt0.o (exit)
E:/STM32CubeIDE_1.19.0/STM32CubeIDE/plugins/com.st.stm32cube.ide.mcu.externaltools.gnu-tools-for-stm32.13.3.rel1.win32_1.0.0.202411081344/tools/bin/../lib/gcc/arm-none-eabi/13.3.1/../../../../arm-none-eabi/lib/thumb/v7e-m+fp/hard\libc_nano.a(libc_a-findfp.o)
                              E:/STM32CubeIDE_1.19.0/STM32CubeIDE/plugins/com.st.stm32cube.ide.mcu.externaltools.gnu-tools-for-stm32.13.3.rel1.win32_1.0.0.202411081344/tools/bin/../lib/gcc/arm-none-eabi/13.3.1/../../../../arm-none-eabi/lib/thumb/v7e-m+fp/hard\libc_nano.a(libc_a-exit.o) (__stdio_exit_handler)
E:/STM32CubeIDE_1.19.0/STM32CubeIDE/plugins/com.st.stm32cube.ide.mcu.externaltools.gnu-tools-for-stm32.13.3.rel1.win32_1.0.0.202411081344/tools/bin/../lib/gcc/arm-none-eabi/13.3.1/../../../../arm-none-eabi/lib/thumb/v7e-m+fp/hard\libc_nano.a(libc_a-fwalk.o)
                              E:/STM32CubeIDE_1.19.0/STM32CubeIDE/plugins/com.st.stm32cube.ide.mcu.externaltools.gnu-tools-for-stm32.13.3.rel1.win32_1.0.0.202411081344/tools/bin/../lib/gcc/arm-none-eabi/13.3.1/../../../../arm-none-eabi/lib/thumb/v7e-m+fp/hard\libc_nano.a(libc_a-findfp.o) (_fwalk_sglue)
E:/STM32CubeIDE_1.19.0/STM32CubeIDE/plugins/com.st.stm32cube.ide.mcu.externaltools.gnu-tools-for-stm32.13.3.rel1.win32_1.0.0.202411081344/tools/bin/../lib/gcc/arm-none-eabi/13.3.1/../../../../arm-none-eabi/lib/thumb/v7e-m+fp/hard\libc_nano.a(libc_a-sprintf.o)
                              ./Core/Src/MQ2.o (sprintf)
E:/STM32CubeIDE_1.19.0/STM32CubeIDE/plugins/com.st.stm32cube.ide.mcu.externaltools.gnu-tools-for-stm32.13.3.rel1.win32_1.0.0.202411081344/tools/bin/../lib/gcc/arm-none-eabi/13.3.1/../../../../arm-none-eabi/lib/thumb/v7e-m+fp/hard\libc_nano.a(libc_a-stdio.o)
                              E:/STM32CubeIDE_1.19.0/STM32CubeIDE/plugins/com.st.stm32cube.ide.mcu.externaltools.gnu-tools-for-stm32.13.3.rel1.win32_1.0.0.202411081344/tools/bin/../lib/gcc/arm-none-eabi/13.3.1/../../../../arm-none-eabi/lib/thumb/v7e-m+fp/hard\libc_nano.a(libc_a-findfp.o) (__sread)
E:/STM32CubeIDE_1.19.0/STM32CubeIDE/plugins/com.st.stm32cube.ide.mcu.externaltools.gnu-tools-for-stm32.13.3.rel1.win32_1.0.0.202411081344/tools/bin/../lib/gcc/arm-none-eabi/13.3.1/../../../../arm-none-eabi/lib/thumb/v7e-m+fp/hard\libc_nano.a(libc_a-memset.o)
                              E:/STM32CubeIDE_1.19.0/STM32CubeIDE/plugins/com.st.stm32cube.ide.mcu.externaltools.gnu-tools-for-stm32.13.3.rel1.win32_1.0.0.202411081344/tools/bin/../lib/gcc/arm-none-eabi/13.3.1/../../../../arm-none-eabi/lib/thumb/v7e-m+fp/hard/crt0.o (memset)
E:/STM32CubeIDE_1.19.0/STM32CubeIDE/plugins/com.st.stm32cube.ide.mcu.externaltools.gnu-tools-for-stm32.13.3.rel1.win32_1.0.0.202411081344/tools/bin/../lib/gcc/arm-none-eabi/13.3.1/../../../../arm-none-eabi/lib/thumb/v7e-m+fp/hard\libc_nano.a(libc_a-closer.o)
                              E:/STM32CubeIDE_1.19.0/STM32CubeIDE/plugins/com.st.stm32cube.ide.mcu.externaltools.gnu-tools-for-stm32.13.3.rel1.win32_1.0.0.202411081344/tools/bin/../lib/gcc/arm-none-eabi/13.3.1/../../../../arm-none-eabi/lib/thumb/v7e-m+fp/hard\libc_nano.a(libc_a-stdio.o) (_close_r)
E:/STM32CubeIDE_1.19.0/STM32CubeIDE/plugins/com.st.stm32cube.ide.mcu.externaltools.gnu-tools-for-stm32.13.3.rel1.win32_1.0.0.202411081344/tools/bin/../lib/gcc/arm-none-eabi/13.3.1/../../../../arm-none-eabi/lib/thumb/v7e-m+fp/hard\libc_nano.a(libc_a-reent.o)
                              E:/STM32CubeIDE_1.19.0/STM32CubeIDE/plugins/com.st.stm32cube.ide.mcu.externaltools.gnu-tools-for-stm32.13.3.rel1.win32_1.0.0.202411081344/tools/bin/../lib/gcc/arm-none-eabi/13.3.1/../../../../arm-none-eabi/lib/thumb/v7e-m+fp/hard\libc_nano.a(libc_a-closer.o) (errno)
E:/STM32CubeIDE_1.19.0/STM32CubeIDE/plugins/com.st.stm32cube.ide.mcu.externaltools.gnu-tools-for-stm32.13.3.rel1.win32_1.0.0.202411081344/tools/bin/../lib/gcc/arm-none-eabi/13.3.1/../../../../arm-none-eabi/lib/thumb/v7e-m+fp/hard\libc_nano.a(libc_a-impure.o)
                              E:/STM32CubeIDE_1.19.0/STM32CubeIDE/plugins/com.st.stm32cube.ide.mcu.externaltools.gnu-tools-for-stm32.13.3.rel1.win32_1.0.0.202411081344/tools/bin/../lib/gcc/arm-none-eabi/13.3.1/../../../../arm-none-eabi/lib/thumb/v7e-m+fp/hard\libc_nano.a(libc_a-sprintf.o) (_impure_ptr)
[...]
Memory Configuration

Name             Origin             Length             Attributes
CCMRAM           0x10000000         0x00010000         xrw
RAM              0x20000000         0x00020000         xrw
FLASH            0x08000000         0x00100000         xr
*default*        0x00000000         0xffffffff

Linker script and memory map

LOAD E:/STM32CubeIDE_1.19.0/STM32CubeIDE/plugins/com.st.stm32cube.ide.mcu.externaltools.gnu-tools-for-stm32.13.3.rel1.win32_1.0.0.202411081344/tools/bin/../lib/gcc/arm-none-eabi/13.3.1/thumb/v7e-m+fp/hard/crti.o
LOAD E:/STM32CubeIDE_1.19.0/STM32CubeIDE/plugins/com.st.stm32cube.ide.mcu.externaltools.gnu-tools-for-stm32.13.3.rel1.win32_1.0.0.202411081344/tools/bin/../lib/gcc/arm-none-eabi/13.3.1/thumb/v7e-m+fp/hard/crtbegin.o
LOAD E:/STM32CubeIDE_1.19.0/STM32CubeIDE/plugins/com.st.stm32cube.ide.mcu.externaltools.gnu-tools-for-stm32.13.3.rel1.win32_1.0.0.202411081344/tools/bin/../lib/gcc/arm-none-eabi/13.3.1/../../../../arm-none-eabi/lib/thumb/v7e-m+fp/hard/crt0.o
LOAD ./Core/Src/MQ2.o
LOAD ./Core/Src/buzzer.o
LOAD ./Core/Src/dht11.o
LOAD ./Core/Src/main.o
LOAD ./Core/Src/my_lcd.o
LOAD ./Core/Src/my_led.o
LOAD ./Core/Src/stm32f4xx_hal_msp.o
LOAD ./Core/Src/stm32f4xx_it.o
LOAD ./Core/Src/syscalls.o
LOAD ./Core/Src/sysmem.o
LOAD ./Core/Src/system_stm32f4xx.o
LOAD ./Core/Startup/startup_stm32f407vgtx.o
LOAD ./Drivers/STM32F4xx_HAL_Driver/Src/stm32f4xx_hal.o
LOAD ./Drivers/STM32F4xx_HAL_Driver/Src/stm32f4xx_hal_adc.o
LOAD ./Drivers/STM32F4xx_HAL_Driver/Src/stm32f4xx_hal_adc_ex.o
LOAD ./Drivers/STM32F4xx_HAL_Driver/Src/stm32f4xx_hal_cortex.o
LOAD ./Drivers/STM32F4xx_HAL_Driver/Src/stm32f4xx_hal_dma.o
LOAD ./Drivers/STM32F4xx_HAL_Driver/Src/stm32f4xx_hal_dma_ex.o
LOAD ./Drivers/STM32F4xx_HAL_Driver/Src/stm32f4xx_hal_exti.o
LOAD ./Drivers/STM32F4xx_HAL_Driver/Src/stm32f4xx_hal_flash.o
LOAD ./Drivers/STM32F4xx_HAL_Driver/Src/stm32f4xx_hal_flash_ex.o
LOAD ./Drivers/STM32F4xx_HAL_Driver/Src/stm32f4xx_hal_flash_ramfunc.o
LOAD ./Drivers/STM32F4xx_HAL_Driver/Src/stm32f4xx_hal_gpio.o
LOAD ./Drivers/STM32F4xx_HAL_Driver/Src/stm32f4xx_hal_i2c.o
LOAD ./Drivers/STM32F4xx_HAL_Driver/Src/stm32f4xx_hal_i2c_ex.o
LOAD ./Drivers/STM32F4xx_HAL_Driver/Src/stm32f4xx_hal_pwr.o
LOAD ./Drivers/STM32F4xx_HAL_Driver/Src/stm32f4xx_hal_pwr_ex.o
LOAD ./Drivers/STM32F4xx_HAL_Driver/Src/stm32f4xx_hal_rcc.o
LOAD ./Drivers/STM32F4xx_HAL_Driver/Src/stm32f4xx_hal_rcc_ex.o
LOAD ./Drivers/STM32F4xx_HAL_Driver/Src/stm32f4xx_hal_uart.o
LOAD ./Drivers/STM32F4xx_HAL_Driver/Src/stm32f4xx_ll_adc.o
START GROUP
LOAD E:/STM32CubeIDE_1.19.0/STM32CubeIDE/plugins/com.st.stm32cube.ide.mcu.externaltools.gnu-tools-for-stm32.13.3.rel1.win32_1.0.0.202411081344/tools/bin/../lib/gcc/arm-none-eabi/13.3.1/../../../../arm-none-eabi/lib/thumb/v7e-m+fp/hard\libc_nano.a
LOAD E:/STM32CubeIDE_1.19.0/STM32CubeIDE/plugins/com.st.stm32cube.ide.mcu.externaltools.gnu-tools-for-stm32.13.3.rel1.win32_1.0.0.202411081344/tools/bin/../lib/gcc/arm-none-eabi/13.3.1/../../../../arm-none-eabi/lib/thumb/v7e-m+fp/hard\libm.a
END GROUP
START GROUP
LOAD E:/STM32CubeIDE_1.19.0/STM32CubeIDE/plugins/com.st.stm32cube.ide.mcu.externaltools.gnu-tools-for-stm32.13.3.rel1.win32_1.0.0.202411081344/tools/bin/../lib/gcc/arm-none-eabi/13.3.1/thumb/v7e-m+fp/hard\libgcc.a
LOAD E:/STM32CubeIDE_1.19.0/STM32CubeIDE/plugins/com.st.stm32cube.ide.mcu.externaltools.gnu-tools-for-stm32.13.3.rel1.win32_1.0.0.202411081344/tools/bin/../lib/gcc/arm-none-eabi/13.3.1/../../../../arm-none-eabi/lib/thumb/v7e-m+fp/hard\libc_nano.a
END GROUP
START GROUP
LOAD E:/STM32CubeIDE_1.19.0/STM32CubeIDE/plugins/com.st.stm32cube.ide.mcu.externaltools.gnu-tools-for-stm32.13.3.rel1.win32_1.0.0.202411081344/tools/bin/../lib/gcc/arm-none-eabi/13.3.1/thumb/v7e-m+fp/hard\libgcc.a
LOAD E:/STM32CubeIDE_1.19.0/STM32CubeIDE/plugins/com.st.stm32cube.ide.mcu.externaltools.gnu-tools-for-stm32.13.3.rel1.win32_1.0.0.202411081344/tools/bin/../lib/gcc/arm-none-eabi/13.3.1/../../../../arm-none-eabi/lib/thumb/v7e-m+fp/hard\libc_nano.a
LOAD E:/STM32CubeIDE_1.19.0/STM32CubeIDE/plugins/com.st.stm32cube.ide.mcu.externaltools.gnu-tools-for-stm32.13.3.rel1.win32_1.0.0.202411081344/tools/bin/../lib/gcc/arm-none-eabi/13.3.1/../../../../arm-none-eabi/lib/thumb/v7e-m+fp/hard\libnosys.a
END GROUP
START GROUP
LOAD E:/STM32CubeIDE_1.19.0/STM32CubeIDE/plugins/com.st.stm32cube.ide.mcu.externaltools.gnu-tools-for-stm32.13.3.rel1.win32_1.0.0.202411081344/tools/bin/../lib/gcc/arm-none-eabi/13.3.1/thumb/v7e-m+fp/hard\libgcc.a
LOAD E:/STM32CubeIDE_1.19.0/STM32CubeIDE/plugins/com.st.stm32cube.ide.mcu.externaltools.gnu-tools-for-stm32.13.3.rel1.win32_1.0.0.202411081344/tools/bin/../lib/gcc/arm-none-eabi/13.3.1/../../../../arm-none-eabi/lib/thumb/v7e-m+fp/hard\libc_nano.a
LOAD E:/STM32CubeIDE_1.19.0/STM32CubeIDE/plugins/com.st.stm32cube.ide.mcu.externaltools.gnu-tools-for-stm32.13.3.rel1.win32_1.0.0.202411081344/tools/bin/../lib/gcc/arm-none-eabi/13.3.1/../../../../arm-none-eabi/lib/thumb/v7e-m+fp/hard\libnosys.a
END GROUP
LOAD E:/STM32CubeIDE_1.19.0/STM32CubeIDE/plugins/com.st.stm32cube.ide.mcu.externaltools.gnu-tools-for-stm32.13.3.rel1.win32_1.0.0.202411081344/tools/bin/../lib/gcc/arm-none-eabi/13.3.1/thumb/v7e-m+fp/hard/crtend.o
LOAD E:/STM32CubeIDE_1.19.0/STM32CubeIDE/plugins/com.st.stm32cube.ide.mcu.externaltools.gnu-tools-for-stm32.13.3.rel1.win32_1.0.0.202411081344/tools/bin/../lib/gcc/arm-none-eabi/13.3.1/thumb/v7e-m+fp/hard/crtn.o
                0x20020000                        _estack = (ORIGIN (RAM) + LENGTH (RAM))
                0x00000200                        _Min_Heap_Size = 0x200
                0x00000400                        _Min_Stack_Size = 0x400

.isr_vector     0x08000000      0x188
                0x08000000                        . = ALIGN (0x4)
 *(.isr_vector)
 .isr_vector    0x08000000      0x188 ./Core/Startup/startup_stm32f407vgtx.o
                0x08000000                g_pfnVectors
                0x08000188                        . = ALIGN (0x4)

.text           0x08000190     0x4638
                0x08000190                        . = ALIGN (0x4)
 *(.text)
 .text          0x08000190       0x40 E:/STM32CubeIDE_1.19.0/STM32CubeIDE/plugins/com.st.stm32cube.ide.mcu.externaltools.gnu-tools-for-stm32.13.3.rel1.win32_1.0.0.202411081344/tools/bin/../lib/gcc/arm-none-eabi/13.3.1/thumb/v7e-m+fp/hard/crtbegin.o
 .text          0x080001d0       0x10 E:/STM32CubeIDE_1.19.0/STM32CubeIDE/plugins/com.st.stm32cube.ide.mcu.externaltools.gnu-tools-for-stm32.13.3.rel1.win32_1.0.0.202411081344/tools/bin/../lib/gcc/arm-none-eabi/13.3.1/../../../../arm-none-eabi/lib/thumb/v7e-m+fp/hard\libc_nano.a(libc_a-strlen.o)
                0x080001d0                strlen
 .text          0x080001e0       0xa0 E:/STM32CubeIDE_1.19.0/STM32CubeIDE/plugins/com.st.stm32cube.ide.mcu.externaltools.gnu-tools-for-stm32.13.3.rel1.win32_1.0.0.202411081344/tools/bin/../lib/gcc/arm-none-eabi/13.3.1/../../../../arm-none-eabi/lib/thumb/v7e-m+fp/hard\libc_nano.a(libc_a-memchr.o)
                0x080001e0                memchr
 .text          0x08000280       0x30 E:/STM32CubeIDE_1.19.0/STM32CubeIDE/plugins/com.st.stm32cube.ide.mcu.externaltools.gnu-tools-for-stm32.13.3.rel1.win32_1.0.0.202411081344/tools/bin/../lib/gcc/arm-none-eabi/13.3.1/thumb/v7e-m+fp/hard\libgcc.a(_aeabi_uldivmod.o)
                0x08000280                __aeabi_uldivmod
 .text          0x080002b0      0x2f8 E:/STM32CubeIDE_1.19.0/STM32CubeIDE/plugins/com.st.stm32cube.ide.mcu.externaltools.gnu-tools-for-stm32.13.3.rel1.win32_1.0.0.202411081344/tools/bin/../lib/gcc/arm-none-eabi/13.3.1/thumb/v7e-m+fp/hard\libgcc.a(_udivmoddi4.o)
                0x080002b0                __udivmoddi4
 .text          0x080005a8        0x4 E:/STM32CubeIDE_1.19.0/STM32CubeIDE/plugins/com.st.stm32cube.ide.mcu.externaltools.gnu-tools-for-stm32.13.3.rel1.win32_1.0.0.202411081344/tools/bin/../lib/gcc/arm-none-eabi/13.3.1/thumb/v7e-m+fp/hard\libgcc.a(_dvmd_tls.o)
                0x080005a8                __aeabi_idiv0
                0x080005a8                __aeabi_ldiv0
 *(.text*)
 .text.smoke_moniter_task
                0x080005ac       0xe4 ./Core/Src/MQ2.o
                0x080005ac                smoke_moniter_task
 .text.Buzzer_Off
                0x08000690       0x18 ./Core/Src/buzzer.o
                0x08000690                Buzzer_Off
 .text.Buzzer_Toggle
                0x080006a8       0x18 ./Core/Src/buzzer.o
                0x080006a8                Buzzer_Toggle
 .text.delay_us
                0x080006c0       0x48 ./Core/Src/dht11.o
 .text.DHT_SetPinOutput
                0x08000708       0x44 ./Core/Src/dht11.o
 .text.DHT_SetPinInput
                0x0800074c       0x40 ./Core/Src/dht11.o
 .text.DHT11_Init
                0x0800078c       0x54 ./Core/Src/dht11.o
                0x0800078c                DHT11_Init
 .text.DHT11_Read
                0x080007e0      0x160 ./Core/Src/dht11.o
                0x080007e0                DHT11_Read
 .text.main     0x08000940      0x120 ./Core/Src/main.o
                0x08000940                main
 .text.SystemClock_Config
                0x08000a60       0xd4 ./Core/Src/main.o
                0x08000a60                SystemClock_Config
 .text.MX_ADC1_Init
                0x08000b34       0xa4 ./Core/Src/main.o
 .text.MX_I2C1_Init
                0x08000bd8       0x5c ./Core/Src/main.o
 .text.MX_USART2_UART_Init
                0x08000c34       0x54 ./Core/Src/main.o
 .text.MX_GPIO_Init
                0x08000c88       0xc0 ./Core/Src/main.o
 .text.Error_Handler
                0x08000d48        0xc ./Core/Src/main.o
                0x08000d48                Error_Handler
 .text.lcd_i2c_send_nibble
                0x08000d54       0x40 ./Core/Src/my_lcd.o
                0x08000d54                lcd_i2c_send_nibble
 .text.lcd16x2_i2c_sendCommand
                0x08000d94       0x40 ./Core/Src/my_lcd.o
                0x08000d94                lcd16x2_i2c_sendCommand
 .text.lcd16x2_i2c_sendData
                0x08000dd4       0x40 ./Core/Src/my_lcd.o
                0x08000dd4                lcd16x2_i2c_sendData
 .text.lcd16x2_i2c_init
                0x08000e14       0xbc ./Core/Src/my_lcd.o
                0x08000e14                lcd16x2_i2c_init
 .text.lcd16x2_i2c_setCursor
                0x08000ed0       0x3e ./Core/Src/my_lcd.o
                0x08000ed0                lcd16x2_i2c_setCursor
 .text.lcd16x2_i2c_clear
                0x08000f0e       0x14 ./Core/Src/my_lcd.o
                0x08000f0e                lcd16x2_i2c_clear
 .text.lcd16x2_i2c_printf
                0x08000f22       0x38 ./Core/Src/my_lcd.o
                0x08000f22                lcd16x2_i2c_printf
 *fill*         0x08000f5a        0x2 
 .text.LED_On   0x08000f5c       0x18 ./Core/Src/my_led.o
                0x08000f5c                LED_On
 .text.LED_Off  0x08000f74       0x18 ./Core/Src/my_led.o
                0x08000f74                LED_Off
 .text.HAL_MspInit
                0x08000f8c       0x50 ./Core/Src/stm32f4xx_hal_msp.o
                0x08000f8c                HAL_MspInit
 .text.HAL_ADC_MspInit
                0x08000fdc       0x88 ./Core/Src/stm32f4xx_hal_msp.o
                0x08000fdc                HAL_ADC_MspInit
 .text.HAL_I2C_MspInit
                0x08001064       0x90 ./Core/Src/stm32f4xx_hal_msp.o
                0x08001064                HAL_I2C_MspInit
 .text.HAL_UART_MspInit
                0x080010f4       0x90 ./Core/Src/stm32f4xx_hal_msp.o
                0x080010f4                HAL_UART_MspInit
 .text.NMI_Handler
                0x08001184        0x8 ./Core/Src/stm32f4xx_it.o
                0x08001184                NMI_Handler
 .text.HardFault_Handler
                0x0800118c        0x8 ./Core/Src/stm32f4xx_it.o
                0x0800118c                HardFault_Handler
 .text.MemManage_Handler
                0x08001194        0x8 ./Core/Src/stm32f4xx_it.o
                0x08001194                MemManage_Handler
 .text.BusFault_Handler
                0x0800119c        0x8 ./Core/Src/stm32f4xx_it.o
                0x0800119c                BusFault_Handler
 .text.UsageFault_Handler
                0x080011a4        0x8 ./Core/Src/stm32f4xx_it.o
                0x080011a4                UsageFault_Handler
 .text.SVC_Handler
                0x080011ac        0xe ./Core/Src/stm32f4xx_it.o
                0x080011ac                SVC_Handler
 .text.DebugMon_Handler
                0x080011ba        0xe ./Core/Src/stm32f4xx_it.o
                0x080011ba                DebugMon_Handler
 .text.PendSV_Handler
                0x080011c8        0xe ./Core/Src/stm32f4xx_it.o
                0x080011c8                PendSV_Handler
 .text.SysTick_Handler
                0x080011d6        0xc ./Core/Src/stm32f4xx_it.o
                0x080011d6                SysTick_Handler
 *fill*         0x080011e2        0x2 
 .text._sbrk    0x080011e4       0x6c ./Core/Src/sysmem.o
                0x080011e4                _sbrk
 .text.SystemInit
                0x08001250       0x24 ./Core/Src/system_stm32f4xx.o
                0x08001250                SystemInit
 .text.Reset_Handler
                0x08001274       0x50 ./Core/Startup/startup_stm32f407vgtx.o
                0x08001274                Reset_Handler
 .text.Default_Handler
                0x080012c4        0x2 ./Core/Startup/startup_stm32f407vgtx.o
                0x080012c4                RTC_Alarm_IRQHandler
                0x080012c4                HASH_RNG_IRQHandler
                0x080012c4                EXTI2_IRQHandler
                0x080012c4                TIM8_CC_IRQHandler
                0x080012c4                TIM1_CC_IRQHandler
                0x080012c4                DMA2_Stream5_IRQHandler
                0x080012c4                DMA1_Stream5_IRQHandler
                0x080012c4                PVD_IRQHandler
                0x080012c4                SDIO_IRQHandler
                0x080012c4                TAMP_STAMP_IRQHandler
                0x080012c4                CAN2_RX1_IRQHandler
                0x080012c4                EXTI3_IRQHandler
                0x080012c4                TIM8_TRG_COM_TIM14_IRQHandler
                0x080012c4                TIM1_UP_TIM10_IRQHandler
                0x080012c4                TIM8_UP_TIM13_IRQHandler
                0x080012c4                I2C3_ER_IRQHandler
                0x080012c4                EXTI0_IRQHandler
                0x080012c4                I2C2_EV_IRQHandler
                0x080012c4                DMA1_Stream2_IRQHandler
                0x080012c4                CAN1_RX0_IRQHandler
                0x080012c4                FPU_IRQHandler
                0x080012c4                OTG_HS_WKUP_IRQHandler
                0x080012c4                CAN2_SCE_IRQHandler
                0x080012c4                DMA2_Stream2_IRQHandler
                0x080012c4                SPI1_IRQHandler
                0x080012c4                TIM6_DAC_IRQHandler
                0x080012c4                TIM1_BRK_TIM9_IRQHandler
                0x080012c4                DCMI_IRQHandler
                0x080012c4                CAN2_RX0_IRQHandler
                0x080012c4                DMA2_Stream3_IRQHandler
                0x080012c4                USART6_IRQHandler
                0x080012c4                USART3_IRQHandler
                0x080012c4                CAN1_RX1_IRQHandler
                0x080012c4                UART5_IRQHandler
                0x080012c4                DMA2_Stream0_IRQHandler
                0x080012c4                TIM4_IRQHandler
                0x080012c4                I2C1_EV_IRQHandler
                0x080012c4                DMA1_Stream6_IRQHandler
                0x080012c4                DMA1_Stream1_IRQHandler
                0x080012c4                UART4_IRQHandler
                0x080012c4                TIM3_IRQHandler
                0x080012c4                RCC_IRQHandler
                0x080012c4                TIM8_BRK_TIM12_IRQHandler
                0x080012c4                Default_Handler
                0x080012c4                EXTI15_10_IRQHandler
                0x080012c4                ADC_IRQHandler
                0x080012c4                DMA1_Stream7_IRQHandler
                0x080012c4                TIM7_IRQHandler
                0x080012c4                CAN2_TX_IRQHandler
                0x080012c4                TIM5_IRQHandler
                0x080012c4                DMA2_Stream7_IRQHandler
                0x080012c4                I2C3_EV_IRQHandler
                0x080012c4                EXTI9_5_IRQHandler
                0x080012c4                RTC_WKUP_IRQHandler
                0x080012c4                ETH_WKUP_IRQHandler
                0x080012c4                SPI2_IRQHandler
                0x080012c4                OTG_HS_EP1_IN_IRQHandler
                0x080012c4                DMA1_Stream0_IRQHandler
                0x080012c4                CAN1_TX_IRQHandler
                0x080012c4                EXTI4_IRQHandler
                0x080012c4                FSMC_IRQHandler
                0x080012c4                ETH_IRQHandler
                0x080012c4                OTG_HS_EP1_OUT_IRQHandler
                0x080012c4                WWDG_IRQHandler
                0x080012c4                TIM2_IRQHandler
                0x080012c4                OTG_FS_WKUP_IRQHandler
                0x080012c4                TIM1_TRG_COM_TIM11_IRQHandler
                0x080012c4                OTG_HS_IRQHandler
                0x080012c4                EXTI1_IRQHandler
                0x080012c4                USART2_IRQHandler
                0x080012c4                I2C2_ER_IRQHandler
                0x080012c4                DMA2_Stream1_IRQHandler
                0x080012c4                CAN1_SCE_IRQHandler
                0x080012c4                FLASH_IRQHandler
                0x080012c4                DMA2_Stream4_IRQHandler
                0x080012c4                USART1_IRQHandler
                0x080012c4                OTG_FS_IRQHandler
                0x080012c4                SPI3_IRQHandler
                0x080012c4                DMA1_Stream4_IRQHandler
                0x080012c4                I2C1_ER_IRQHandler
                0x080012c4                DMA2_Stream6_IRQHandler
                0x080012c4                DMA1_Stream3_IRQHandler
 *fill*         0x080012c6        0x2 
 .text.HAL_Init
                0x080012c8       0x44 ./Drivers/STM32F4xx_HAL_Driver/Src/stm32f4xx_hal.o
                0x080012c8                HAL_Init
 .text.HAL_InitTick
                0x0800130c       0x60 ./Drivers/STM32F4xx_HAL_Driver/Src/stm32f4xx_hal.o
                0x0800130c                HAL_InitTick
 .text.HAL_IncTick
                0x0800136c       0x28 ./Drivers/STM32F4xx_HAL_Driver/Src/stm32f4xx_hal.o
                0x0800136c                HAL_IncTick
 .text.HAL_GetTick
                0x08001394       0x18 ./Drivers/STM32F4xx_HAL_Driver/Src/stm32f4xx_hal.o
                0x08001394                HAL_GetTick
 .text.HAL_Delay
                0x080013ac       0x48 ./Drivers/STM32F4xx_HAL_Driver/Src/stm32f4xx_hal.o
                0x080013ac                HAL_Delay
 .text.HAL_ADC_Init
                0x080013f4       0x86 ./Drivers/STM32F4xx_HAL_Driver/Src/stm32f4xx_hal_adc.o
                0x080013f4                HAL_ADC_Init
 *fill*         0x0800147a        0x2 
 .text.HAL_ADC_Start
                0x0800147c      0x1a4 ./Drivers/STM32F4xx_HAL_Driver/Src/stm32f4xx_hal_adc.o
                0x0800147c                HAL_ADC_Start
 .text.HAL_ADC_Stop
                0x08001620       0x66 ./Drivers/STM32F4xx_HAL_Driver/Src/stm32f4xx_hal_adc.o
                0x08001620                HAL_ADC_Stop
 .text.HAL_ADC_PollForConversion
                0x08001686      0x116 ./Drivers/STM32F4xx_HAL_Driver/Src/stm32f4xx_hal_adc.o
                0x08001686                HAL_ADC_PollForConversion
 .text.HAL_ADC_GetValue
                0x0800179c       0x1a ./Drivers/STM32F4xx_HAL_Driver/Src/stm32f4xx_hal_adc.o
                0x0800179c                HAL_ADC_GetValue
 *fill*         0x080017b6        0x2 
 .text.HAL_ADC_ConfigChannel
                0x080017b8      0x244 ./Drivers/STM32F4xx_HAL_Driver/Src/stm32f4xx_hal_adc.o
                0x080017b8                HAL_ADC_ConfigChannel
 .text.ADC_Init
                0x080019fc      0x1f8 ./Drivers/STM32F4xx_HAL_Driver/Src/stm32f4xx_hal_adc.o
 .text.__NVIC_SetPriorityGrouping
                0x08001bf4       0x48 ./Drivers/STM32F4xx_HAL_Driver/Src/stm32f4xx_hal_cortex.o
 .text.__NVIC_GetPriorityGrouping
                0x08001c3c       0x1c ./Drivers/STM32F4xx_HAL_Driver/Src/stm32f4xx_hal_cortex.o
 .text.__NVIC_SetPriority
                0x08001c58       0x54 ./Drivers/STM32F4xx_HAL_Driver/Src/stm32f4xx_hal_cortex.o
 .text.NVIC_EncodePriority
                0x08001cac       0x66 ./Drivers/STM32F4xx_HAL_Driver/Src/stm32f4xx_hal_cortex.o
 *fill*         0x08001d12        0x2 
 .text.SysTick_Config
                0x08001d14       0x44 ./Drivers/STM32F4xx_HAL_Driver/Src/stm32f4xx_hal_cortex.o
 .text.HAL_NVIC_SetPriorityGrouping
                0x08001d58       0x16 ./Drivers/STM32F4xx_HAL_Driver/Src/stm32f4xx_hal_cortex.o
                0x08001d58                HAL_NVIC_SetPriorityGrouping
 .text.HAL_NVIC_SetPriority
                0x08001d6e       0x38 ./Drivers/STM32F4xx_HAL_Driver/Src/stm32f4xx_hal_cortex.o
                0x08001d6e                HAL_NVIC_SetPriority
 .text.HAL_SYSTICK_Config
                0x08001da6       0x18 ./Drivers/STM32F4xx_HAL_Driver/Src/stm32f4xx_hal_cortex.o
                0x08001da6                HAL_SYSTICK_Config
 *fill*         0x08001dbe        0x2 
 .text.HAL_GPIO_Init
                0x08001dc0      0x338 ./Drivers/STM32F4xx_HAL_Driver/Src/stm32f4xx_hal_gpio.o
                0x08001dc0                HAL_GPIO_Init
 .text.HAL_GPIO_ReadPin
                0x080020f8       0x30 ./Drivers/STM32F4xx_HAL_Driver/Src/stm32f4xx_hal_gpio.o
                0x080020f8                HAL_GPIO_ReadPin
 .text.HAL_GPIO_WritePin
                0x08002128       0x32 ./Drivers/STM32F4xx_HAL_Driver/Src/stm32f4xx_hal_gpio.o
                0x08002128                HAL_GPIO_WritePin
 .text.HAL_GPIO_TogglePin
                0x0800215a       0x34 ./Drivers/STM32F4xx_HAL_Driver/Src/stm32f4xx_hal_gpio.o
                0x0800215a                HAL_GPIO_TogglePin
 *fill*         0x0800218e        0x2 
 .text.HAL_I2C_Init
                0x08002190      0x288 ./Drivers/STM32F4xx_HAL_Driver/Src/stm32f4xx_hal_i2c.o
                0x08002190                HAL_I2C_Init
 .text.HAL_I2C_Master_Transmit
                0x08002418      0x1fc ./Drivers/STM32F4xx_HAL_Driver/Src/stm32f4xx_hal_i2c.o
                0x08002418                HAL_I2C_Master_Transmit
 .text.HAL_I2C_IsDeviceReady
                0x08002614      0x25c ./Drivers/STM32F4xx_HAL_Driver/Src/stm32f4xx_hal_i2c.o
                0x08002614                HAL_I2C_IsDeviceReady
 .text.I2C_MasterRequestWrite
                0x08002870      0x104 ./Drivers/STM32F4xx_HAL_Driver/Src/stm32f4xx_hal_i2c.o
 .text.I2C_WaitOnFlagUntilTimeout
                0x08002974       0xf4 ./Drivers/STM32F4xx_HAL_Driver/Src/stm32f4xx_hal_i2c.o
 .text.I2C_WaitOnMasterAddressFlagUntilTimeout
                0x08002a68      0x140 ./Drivers/STM32F4xx_HAL_Driver/Src/stm32f4xx_hal_i2c.o
 .text.I2C_WaitOnTXEFlagUntilTimeout
                0x08002ba8       0x90 ./Drivers/STM32F4xx_HAL_Driver/Src/stm32f4xx_hal_i2c.o
 .text.I2C_WaitOnBTFFlagUntilTimeout
                0x08002c38       0x90 ./Drivers/STM32F4xx_HAL_Driver/Src/stm32f4xx_hal_i2c.o
 .text.I2C_IsAcknowledgeFailed
                0x08002cc8       0x5e ./Drivers/STM32F4xx_HAL_Driver/Src/stm32f4xx_hal_i2c.o
 *fill*         0x08002d26        0x2 
 .text.HAL_RCC_OscConfig
                0x08002d28      0x4f0 ./Drivers/STM32F4xx_HAL_Driver/Src/stm32f4xx_hal_rcc.o
                0x08002d28                HAL_RCC_OscConfig
 .text.HAL_RCC_ClockConfig
                0x08003218      0x1cc ./Drivers/STM32F4xx_HAL_Driver/Src/stm32f4xx_hal_rcc.o
                0x08003218                HAL_RCC_ClockConfig
 .text.HAL_RCC_GetSysClockFreq
                0x080033e4      0x20c ./Drivers/STM32F4xx_HAL_Driver/Src/stm32f4xx_hal_rcc.o
                0x080033e4                HAL_RCC_GetSysClockFreq
 .text.HAL_RCC_GetHCLKFreq
                0x080035f0       0x18 ./Drivers/STM32F4xx_HAL_Driver/Src/stm32f4xx_hal_rcc.o
                0x080035f0                HAL_RCC_GetHCLKFreq
 .text.HAL_RCC_GetPCLK1Freq
                0x08003608       0x28 ./Drivers/STM32F4xx_HAL_Driver/Src/stm32f4xx_hal_rcc.o
                0x08003608                HAL_RCC_GetPCLK1Freq
 .text.HAL_RCC_GetPCLK2Freq
                0x08003630       0x28 ./Drivers/STM32F4xx_HAL_Driver/Src/stm32f4xx_hal_rcc.o
                0x08003630                HAL_RCC_GetPCLK2Freq
 .text.HAL_UART_Init
                0x08003658       0xa0 ./Drivers/STM32F4xx_HAL_Driver/Src/stm32f4xx_hal_uart.o
                0x08003658                HAL_UART_Init
 .text.HAL_UART_Transmit
                0x080036f8      0x116 ./Drivers/STM32F4xx_HAL_Driver/Src/stm32f4xx_hal_uart.o
                0x080036f8                HAL_UART_Transmit
 .text.UART_WaitOnFlagUntilTimeout
                0x0800380e       0xb2 ./Drivers/STM32F4xx_HAL_Driver/Src/stm32f4xx_hal_uart.o
 .text.UART_EndRxTransfer
                0x080038c0       0xc6 ./Drivers/STM32F4xx_HAL_Driver/Src/stm32f4xx_hal_uart.o
 *fill*         0x08003986        0x2 
 .text.UART_SetConfig
                0x08003988      0x4e8 ./Drivers/STM32F4xx_HAL_Driver/Src/stm32f4xx_hal_uart.o
 .text.sprintf  0x08003e70       0x44 E:/STM32CubeIDE_1.19.0/STM32CubeIDE/plugins/com.st.stm32cube.ide.mcu.externaltools.gnu-tools-for-stm32.13.3.rel1.win32_1.0.0.202411081344/tools/bin/../lib/gcc/arm-none-eabi/13.3.1/../../../../arm-none-eabi/lib/thumb/v7e-m+fp/hard\libc_nano.a(libc_a-sprintf.o)
                0x08003e70                siprintf
                0x08003e70                sprintf
 .text.memset   0x08003eb4       0x10 E:/STM32CubeIDE_1.19.0/STM32CubeIDE/plugins/com.st.stm32cube.ide.mcu.externaltools.gnu-tools-for-stm32.13.3.rel1.win32_1.0.0.202411081344/tools/bin/../lib/gcc/arm-none-eabi/13.3.1/../../../../arm-none-eabi/lib/thumb/v7e-m+fp/hard\libc_nano.a(libc_a-memset.o)
                0x08003eb4                memset
 .text.__errno  0x08003ec4        0xc E:/STM32CubeIDE_1.19.0/STM32CubeIDE/plugins/com.st.stm32cube.ide.mcu.externaltools.gnu-tools-for-stm32.13.3.rel1.win32_1.0.0.202411081344/tools/bin/../lib/gcc/arm-none-eabi/13.3.1/../../../../arm-none-eabi/lib/thumb/v7e-m+fp/hard\libc_nano.a(libc_a-errno.o)
                0x08003ec4                __errno
 .text.__libc_init_array
                0x08003ed0       0x48 E:/STM32CubeIDE_1.19.0/STM32CubeIDE/plugins/com.st.stm32cube.ide.mcu.externaltools.gnu-tools-for-stm32.13.3.rel1.win32_1.0.0.202411081344/tools/bin/../lib/gcc/arm-none-eabi/13.3.1/../../../../arm-none-eabi/lib/thumb/v7e-m+fp/hard\libc_nano.a(libc_a-init.o)
                0x08003ed0                __libc_init_array
 .text.__retarget_lock_acquire_recursive
                0x08003f18        0x2 E:/STM32CubeIDE_1.19.0/STM32CubeIDE/plugins/com.st.stm32cube.ide.mcu.externaltools.gnu-tools-for-stm32.13.3.rel1.win32_1.0.0.202411081344/tools/bin/../lib/gcc/arm-none-eabi/13.3.1/../../../../arm-none-eabi/lib/thumb/v7e-m+fp/hard\libc_nano.a(libc_a-lock.o)
                0x08003f18                __retarget_lock_acquire_recursive
 .text.__retarget_lock_release_recursive
                0x08003f1a        0x2 E:/STM32CubeIDE_1.19.0/STM32CubeIDE/plugins/com.st.stm32cube.ide.mcu.externaltools.gnu-tools-for-stm32.13.3.rel1.win32_1.0.0.202411081344/tools/bin/../lib/gcc/arm-none-eabi/13.3.1/../../../../arm-none-eabi/lib/thumb/v7e-m+fp/hard\libc_nano.a(libc_a-lock.o)
                0x08003f1a                __retarget_lock_release_recursive
 .text._free_r  0x08003f1c       0x94 E:/STM32CubeIDE_1.19.0/STM32CubeIDE/plugins/com.st.stm32cube.ide.mcu.externaltools.gnu-tools-for-stm32.13.3.rel1.win32_1.0.0.202411081344/tools/bin/../lib/gcc/arm-none-eabi/13.3.1/../../../../arm-none-eabi/lib/thumb/v7e-m+fp/hard\libc_nano.a(libc_a-freer.o)
                0x08003f1c                _free_r
 .text.sbrk_aligned
                0x08003fb0       0x44 E:/STM32CubeIDE_1.19.0/STM32CubeIDE/plugins/com.st.stm32cube.ide.mcu.externaltools.gnu-tools-for-stm32.13.3.rel1.win32_1.0.0.202411081344/tools/bin/../lib/gcc/arm-none-eabi/13.3.1/../../../../arm-none-eabi/lib/thumb/v7e-m+fp/hard\libc_nano.a(libc_a-mallocr.o)
 .text._malloc_r
                0x08003ff4      0x100 E:/STM32CubeIDE_1.19.0/STM32CubeIDE/plugins/com.st.stm32cube.ide.mcu.externaltools.gnu-tools-for-stm32.13.3.rel1.win32_1.0.0.202411081344/tools/bin/../lib/gcc/arm-none-eabi/13.3.1/../../../../arm-none-eabi/lib/thumb/v7e-m+fp/hard\libc_nano.a(libc_a-mallocr.o)
                0x08003ff4                _malloc_r
 .text.__malloc_lock
                0x080040f4        0xc E:/STM32CubeIDE_1.19.0/STM32CubeIDE/plugins/com.st.stm32cube.ide.mcu.externaltools.gnu-tools-for-stm32.13.3.rel1.win32_1.0.0.202411081344/tools/bin/../lib/gcc/arm-none-eabi/13.3.1/../../../../arm-none-eabi/lib/thumb/v7e-m+fp/hard\libc_nano.a(libc_a-mlock.o)
                0x080040f4                __malloc_lock
 .text.__malloc_unlock
                0x08004100        0xc E:/STM32CubeIDE_1.19.0/STM32CubeIDE/plugins/com.st.stm32cube.ide.mcu.externaltools.gnu-tools-for-stm32.13.3.rel1.win32_1.0.0.202411081344/tools/bin/../lib/gcc/arm-none-eabi/13.3.1/../../../../arm-none-eabi/lib/thumb/v7e-m+fp/hard\libc_nano.a(libc_a-mlock.o)
                0x08004100                __malloc_unlock
 .text.__ssputs_r
                0x0800410c       0xb6 E:/STM32CubeIDE_1.19.0/STM32CubeIDE/plugins/com.st.stm32cube.ide.mcu.externaltools.gnu-tools-for-stm32.13.3.rel1.win32_1.0.0.202411081344/tools/bin/../lib/gcc/arm-none-eabi/13.3.1/../../../../arm-none-eabi/lib/thumb/v7e-m+fp/hard\libc_nano.a(libc_a-nano-svfprintf.o)
                0x0800410c                __ssputs_r
 *fill*         0x080041c2        0x2 
 .text._svfprintf_r
                0x080041c4      0x1f8 E:/STM32CubeIDE_1.19.0/STM32CubeIDE/plugins/com.st.stm32cube.ide.mcu.externaltools.gnu-tools-for-stm32.13.3.rel1.win32_1.0.0.202411081344/tools/bin/../lib/gcc/arm-none-eabi/13.3.1/../../../../arm-none-eabi/lib/thumb/v7e-m+fp/hard\libc_nano.a(libc_a-nano-svfprintf.o)
                0x080041c4                _svfiprintf_r
                0x080041c4                _svfprintf_r
 .text._printf_common
                0x080043bc       0xda E:/STM32CubeIDE_1.19.0/STM32CubeIDE/plugins/com.st.stm32cube.ide.mcu.externaltools.gnu-tools-for-stm32.13.3.rel1.win32_1.0.0.202411081344/tools/bin/../lib/gcc/arm-none-eabi/13.3.1/../../../../arm-none-eabi/lib/thumb/v7e-m+fp/hard\libc_nano.a(libc_a-nano-vfprintf_i.o)
                0x080043bc                _printf_common
 *fill*         0x08004496        0x2 
 .text._printf_i
                0x08004498      0x23c E:/STM32CubeIDE_1.19.0/STM32CubeIDE/plugins/com.st.stm32cube.ide.mcu.externaltools.gnu-tools-for-stm32.13.3.rel1.win32_1.0.0.202411081344/tools/bin/../lib/gcc/arm-none-eabi/13.3.1/../../../../arm-none-eabi/lib/thumb/v7e-m+fp/hard\libc_nano.a(libc_a-nano-vfprintf_i.o)
                0x08004498                _printf_i
 .text.memmove  0x080046d4       0x34 E:/STM32CubeIDE_1.19.0/STM32CubeIDE/plugins/com.st.stm32cube.ide.mcu.externaltools.gnu-tools-for-stm32.13.3.rel1.win32_1.0.0.202411081344/tools/bin/../lib/gcc/arm-none-eabi/13.3.1/../../../../arm-none-eabi/lib/thumb/v7e-m+fp/hard\libc_nano.a(libc_a-memmove.o)
                0x080046d4                memmove
 .text._sbrk_r  0x08004708       0x20 E:/STM32CubeIDE_1.19.0/STM32CubeIDE/plugins/com.st.stm32cube.ide.mcu.externaltools.gnu-tools-for-stm32.13.3.rel1.win32_1.0.0.202411081344/tools/bin/../lib/gcc/arm-none-eabi/13.3.1/../../../../arm-none-eabi/lib/thumb/v7e-m+fp/hard\libc_nano.a(libc_a-sbrkr.o)
                0x08004708                _sbrk_r
 .text.memcpy   0x08004728       0x1c E:/STM32CubeIDE_1.19.0/STM32CubeIDE/plugins/com.st.stm32cube.ide.mcu.externaltools.gnu-tools-for-stm32.13.3.rel1.win32_1.0.0.202411081344/tools/bin/../lib/gcc/arm-none-eabi/13.3.1/../../../../arm-none-eabi/lib/thumb/v7e-m+fp/hard\libc_nano.a(libc_a-memcpy-stub.o)
                0x08004728                memcpy
 .text._realloc_r
                0x08004744       0x5c E:/STM32CubeIDE_1.19.0/STM32CubeIDE/plugins/com.st.stm32cube.ide.mcu.externaltools.gnu-tools-for-stm32.13.3.rel1.win32_1.0.0.202411081344/tools/bin/../lib/gcc/arm-none-eabi/13.3.1/../../../../arm-none-eabi/lib/thumb/v7e-m+fp/hard\libc_nano.a(libc_a-reallocr.o)
                0x08004744                _realloc_r
 .text._malloc_usable_size_r
                0x080047a0       0x10 E:/STM32CubeIDE_1.19.0/STM32CubeIDE/plugins/com.st.stm32cube.ide.mcu.externaltools.gnu-tools-for-stm32.13.3.rel1.win32_1.0.0.202411081344/tools/bin/../lib/gcc/arm-none-eabi/13.3.1/../../../../arm-none-eabi/lib/thumb/v7e-m+fp/hard\libc_nano.a(libc_a-msizer.o)
                0x080047a0                _malloc_usable_size_r
 *(.glue_7)
 .glue_7        0x080047b0        0x0 linker stubs
 *(.glue_7t)
 .glue_7t       0x080047b0        0x0 linker stubs
 *(.eh_frame)
 .eh_frame      0x080047b0        0x0 E:/STM32CubeIDE_1.19.0/STM32CubeIDE/plugins/com.st.stm32cube.ide.mcu.externaltools.gnu-tools-for-stm32.13.3.rel1.win32_1.0.0.202411081344/tools/bin/../lib/gcc/arm-none-eabi/13.3.1/thumb/v7e-m+fp/hard/crtbegin.o
 *(.init)
 .init          0x080047b0        0x4 E:/STM32CubeIDE_1.19.0/STM32CubeIDE/plugins/com.st.stm32cube.ide.mcu.externaltools.gnu-tools-for-stm32.13.3.rel1.win32_1.0.0.202411081344/tools/bin/../lib/gcc/arm-none-eabi/13.3.1/thumb/v7e-m+fp/hard/crti.o
                0x080047b0                _init
 .init          0x080047b4        0x8 E:/STM32CubeIDE_1.19.0/STM32CubeIDE/plugins/com.st.stm32cube.ide.mcu.externaltools.gnu-tools-for-stm32.13.3.rel1.win32_1.0.0.202411081344/tools/bin/../lib/gcc/arm-none-eabi/13.3.1/thumb/v7e-m+fp/hard/crtn.o
 *(.fini)
 .fini          0x080047bc        0x4 E:/STM32CubeIDE_1.19.0/STM32CubeIDE/plugins/com.st.stm32cube.ide.mcu.externaltools.gnu-tools-for-stm32.13.3.rel1.win32_1.0.0.202411081344/tools/bin/../lib/gcc/arm-none-eabi/13.3.1/thumb/v7e-m+fp/hard/crti.o
                0x080047bc                _fini
 .fini          0x080047c0        0x8 E:/STM32CubeIDE_1.19.0/STM32CubeIDE/plugins/com.st.stm32cube.ide.mcu.externaltools.gnu-tools-for-stm32.13.3.rel1.win32_1.0.0.202411081344/tools/bin/../lib/gcc/arm-none-eabi/13.3.1/thumb/v7e-m+fp/hard/crtn.o
                0x080047c8                        . = ALIGN (0x4)
                0x080047c8                        _etext = .

.vfp11_veneer   0x080047c8        0x0
 .vfp11_veneer  0x080047c8        0x0 linker stubs

.v4_bx          0x080047c8        0x0
 .v4_bx         0x080047c8        0x0 linker stubs

.iplt           0x080047c8        0x0
 .iplt          0x080047c8        0x0 E:/STM32CubeIDE_1.19.0/STM32CubeIDE/plugins/com.st.stm32cube.ide.mcu.externaltools.gnu-tools-for-stm32.13.3.rel1.win32_1.0.0.202411081344/tools/bin/../lib/gcc/arm-none-eabi/13.3.1/thumb/v7e-m+fp/hard/crtbegin.o

.rodata         0x080047c8       0xa8
                0x080047c8                        . = ALIGN (0x4)
 *(.rodata)
 .rodata        0x080047c8       0x23 ./Core/Src/MQ2.o
 *fill*         0x080047eb        0x1 
 .rodata        0x080047ec       0x37 ./Core/Src/main.o
 *(.rodata*)
 *fill*         0x08004823        0x1 
 .rodata.AHBPrescTable
                0x08004824       0x10 ./Core/Src/system_stm32f4xx.o
                0x08004824                AHBPrescTable
 .rodata.APBPrescTable
                0x08004834        0x8 ./Core/Src/system_stm32f4xx.o
                0x08004834                APBPrescTable
 .rodata._svfprintf_r.str1.1
                0x0800483c       0x33 E:/STM32CubeIDE_1.19.0/STM32CubeIDE/plugins/com.st.stm32cube.ide.mcu.externaltools.gnu-tools-for-stm32.13.3.rel1.win32_1.0.0.202411081344/tools/bin/../lib/gcc/arm-none-eabi/13.3.1/../../../../arm-none-eabi/lib/thumb/v7e-m+fp/hard\libc_nano.a(libc_a-nano-svfprintf.o)
                                 0x11 (size before relaxing)
 .rodata._printf_i.str1.1
                0x0800486f       0x22 E:/STM32CubeIDE_1.19.0/STM32CubeIDE/plugins/com.st.stm32cube.ide.mcu.externaltools.gnu-tools-for-stm32.13.3.rel1.win32_1.0.0.202411081344/tools/bin/../lib/gcc/arm-none-eabi/13.3.1/../../../../arm-none-eabi/lib/thumb/v7e-m+fp/hard\libc_nano.a(libc_a-nano-vfprintf_i.o)
                0x08004894                        . = ALIGN (0x4)
 *fill*         0x0800486f        0x1 

.ARM.extab      0x08004870        0x0
                0x08004870                        . = ALIGN (0x4)
 *(.ARM.extab* .gnu.linkonce.armextab.*)
                0x08004870                        . = ALIGN (0x4)

.ARM            0x08004870        0x8
                0x08004870                        . = ALIGN (0x4)
                0x08004870                        __exidx_start = .
 *(.ARM.exidx*)
 .ARM.exidx     0x08004870        0x8 E:/STM32CubeIDE_1.19.0/STM32CubeIDE/plugins/com.st.stm32cube.ide.mcu.externaltools.gnu-tools-for-stm32.13.3.rel1.win32_1.0.0.202411081344/tools/bin/../lib/gcc/arm-none-eabi/13.3.1/../../../../arm-none-eabi/lib/thumb/v7e-m+fp/hard\libc_nano.a(libc_a-strlen.o)
 .ARM.exidx     0x08004878        0x0 E:/STM32CubeIDE_1.19.0/STM32CubeIDE/plugins/com.st.stm32cube.ide.mcu.externaltools.gnu-tools-for-stm32.13.3.rel1.win32_1.0.0.202411081344/tools/bin/../lib/gcc/arm-none-eabi/13.3.1/../../../../arm-none-eabi/lib/thumb/v7e-m+fp/hard\libc_nano.a(libc_a-memchr.o)
                                  0x8 (size before relaxing)
 .ARM.exidx     0x08004878        0x0 E:/STM32CubeIDE_1.19.0/STM32CubeIDE/plugins/com.st.stm32cube.ide.mcu.externaltools.gnu-tools-for-stm32.13.3.rel1.win32_1.0.0.202411081344/tools/bin/../lib/gcc/arm-none-eabi/13.3.1/thumb/v7e-m+fp/hard\libgcc.a(_udivmoddi4.o)
                                  0x8 (size before relaxing)
                0x08004878                        __exidx_end = .
                0x08004878                        . = ALIGN (0x4)

.preinit_array  0x08004878        0x0
                0x08004878                        . = ALIGN (0x4)
                0x08004878                        PROVIDE (__preinit_array_start = .)
 *(.preinit_array*)
                0x08004878                        PROVIDE (__preinit_array_end = .)
                0x08004878                        . = ALIGN (0x4)

.init_array     0x08004878        0x4
                0x08004878                        . = ALIGN (0x4)
                0x08004878                        PROVIDE (__init_array_start = .)
 *(SORT_BY_NAME(.init_array.*))
 *(.init_array*)
 .init_array    0x08004878        0x4 E:/STM32CubeIDE_1.19.0/STM32CubeIDE/plugins/com.st.stm32cube.ide.mcu.externaltools.gnu-tools-for-stm32.13.3.rel1.win32_1.0.0.202411081344/tools/bin/../lib/gcc/arm-none-eabi/13.3.1/thumb/v7e-m+fp/hard/crtbegin.o
                0x0800487c                        PROVIDE (__init_array_end = .)
                0x0800487c                        . = ALIGN (0x4)

.fini_array     0x0800487c        0x4
                0x0800487c                        . = ALIGN (0x4)
                [!provide]                        PROVIDE (__fini_array_start = .)
 *(SORT_BY_NAME(.fini_array.*))
 *(.fini_array*)
 .fini_array    0x0800487c        0x4 E:/STM32CubeIDE_1.19.0/STM32CubeIDE/plugins/com.st.stm32cube.ide.mcu.externaltools.gnu-tools-for-stm32.13.3.rel1.win32_1.0.0.202411081344/tools/bin/../lib/gcc/arm-none-eabi/13.3.1/thumb/v7e-m+fp/hard/crtbegin.o
                [!provide]                        PROVIDE (__fini_array_end = .)
                0x08004880                        . = ALIGN (0x4)
                0x08004880                        _sidata = LOADADDR (.data)

.rel.dyn        0x08004880        0x0
 .rel.iplt      0x08004880        0x0 E:/STM32CubeIDE_1.19.0/STM32CubeIDE/plugins/com.st.stm32cube.ide.mcu.externaltools.gnu-tools-for-stm32.13.3.rel1.win32_1.0.0.202411081344/tools/bin/../lib/gcc/arm-none-eabi/13.3.1/thumb/v7e-m+fp/hard/crtbegin.o

.data           0x20000000       0x5c load address 0x08004880
                0x20000000                        . = ALIGN (0x4)
                0x20000000                        _sdata = .
 *(.data)
 *(.data*)
 .data.SystemCoreClock
                0x20000000        0x4 ./Core/Src/system_stm32f4xx.o
                0x20000000                SystemCoreClock
 .data.uwTickPrio
                0x20000004        0x4 ./Drivers/STM32F4xx_HAL_Driver/Src/stm32f4xx_hal.o
                0x20000004                uwTickPrio
 .data.uwTickFreq
                0x20000008        0x1 ./Drivers/STM32F4xx_HAL_Driver/Src/stm32f4xx_hal.o
                0x20000008                uwTickFreq
 *fill*         0x20000009        0x3 
 .data._impure_ptr
                0x2000000c        0x4 E:/STM32CubeIDE_1.19.0/STM32CubeIDE/plugins/com.st.stm32cube.ide.mcu.externaltools.gnu-tools-for-stm32.13.3.rel1.win32_1.0.0.202411081344/tools/bin/../lib/gcc/arm-none-eabi/13.3.1/../../../../arm-none-eabi/lib/thumb/v7e-m+fp/hard\libc_nano.a(libc_a-impure.o)
                0x2000000c                _impure_ptr
 .data._impure_data
                0x20000010       0x4c E:/STM32CubeIDE_1.19.0/STM32CubeIDE/plugins/com.st.stm32cube.ide.mcu.externaltools.gnu-tools-for-stm32.13.3.rel1.win32_1.0.0.202411081344/tools/bin/../lib/gcc/arm-none-eabi/13.3.1/../../../../arm-none-eabi/lib/thumb/v7e-m+fp/hard\libc_nano.a(libc_a-impure.o)
                0x20000010                _impure_data
 *(.RamFunc)
 *(.RamFunc*)
                0x2000005c                        . = ALIGN (0x4)
                0x2000005c                        _edata = .
                0x080048dc                        _siccmram = LOADADDR (.ccmram)

.igot.plt       0x2000005c        0x0 load address 0x080048dc
 .igot.plt      0x2000005c        0x0 E:/STM32CubeIDE_1.19.0/STM32CubeIDE/plugins/com.st.stm32cube.ide.mcu.externaltools.gnu-tools-for-stm32.13.3.rel1.win32_1.0.0.202411081344/tools/bin/../lib/gcc/arm-none-eabi/13.3.1/thumb/v7e-m+fp/hard/crtbegin.o

.ccmram         0x10000000        0x0 load address 0x080048dc
                0x10000000                        . = ALIGN (0x4)
                0x10000000                        _sccmram = .
 *(.ccmram)
 *(.ccmram*)
                0x10000000                        . = ALIGN (0x4)
                0x10000000                        _eccmram = .
                0x10000000                        . = ALIGN (0x4)

.bss            0x2000005c      0x264
                0x2000005c                        _sbss = .
                0x2000005c                        __bss_start__ = _sbss
 *(.bss)
 .bss           0x2000005c       0x1c E:/STM32CubeIDE_1.19.0/STM32CubeIDE/plugins/com.st.stm32cube.ide.mcu.externaltools.gnu-tools-for-stm32.13.3.rel1.win32_1.0.0.202411081344/tools/bin/../lib/gcc/arm-none-eabi/13.3.1/thumb/v7e-m+fp/hard/crtbegin.o
 *(.bss*)
 .bss.DHT_GPIO  0x20000078        0x4 ./Core/Src/dht11.o
 .bss.DHT_PIN   0x2000007c        0x2 ./Core/Src/dht11.o
 *fill*         0x2000007e        0x2 
 .bss.hadc1     0x20000080       0x48 ./Core/Src/main.o
                0x20000080                hadc1
 .bss.hi2c1     0x200000c8       0x54 ./Core/Src/main.o
                0x200000c8                hi2c1
 .bss.huart2    0x2000011c       0x48 ./Core/Src/main.o
                0x2000011c                huart2
 .bss.dht11     0x20000164        0x2 ./Core/Src/main.o
                0x20000164                dht11
 *fill*         0x20000166        0x2 
 .bss.lcd16x2_i2cHandle
                0x20000168        0x4 ./Core/Src/my_lcd.o
                0x20000168                lcd16x2_i2cHandle
 .bss.LCD_I2C_SLAVE_ADDRESS
                0x2000016c        0x1 ./Core/Src/my_lcd.o
                0x2000016c                LCD_I2C_SLAVE_ADDRESS
 *fill*         0x2000016d        0x3 
 .bss.__sbrk_heap_end
                0x20000170        0x4 ./Core/Src/sysmem.o
 .bss.uwTick    0x20000174        0x4 ./Drivers/STM32F4xx_HAL_Driver/Src/stm32f4xx_hal.o
                0x20000174                uwTick
 .bss.__sf      0x20000178      0x138 E:/STM32CubeIDE_1.19.0/STM32CubeIDE/plugins/com.st.stm32cube.ide.mcu.externaltools.gnu-tools-for-stm32.13.3.rel1.win32_1.0.0.202411081344/tools/bin/../lib/gcc/arm-none-eabi/13.3.1/../../../../arm-none-eabi/lib/thumb/v7e-m+fp/hard\libc_nano.a(libc_a-findfp.o)
                0x20000178                __sf
 .bss.errno     0x200002b0        0x4 E:/STM32CubeIDE_1.19.0/STM32CubeIDE/plugins/com.st.stm32cube.ide.mcu.externaltools.gnu-tools-for-stm32.13.3.rel1.win32_1.0.0.202411081344/tools/bin/../lib/gcc/arm-none-eabi/13.3.1/../../../../arm-none-eabi/lib/thumb/v7e-m+fp/hard\libc_nano.a(libc_a-reent.o)
                0x200002b0                errno
 .bss.__lock___malloc_recursive_mutex
                0x200002b4        0x1 E:/STM32CubeIDE_1.19.0/STM32CubeIDE/plugins/com.st.stm32cube.ide.mcu.externaltools.gnu-tools-for-stm32.13.3.rel1.win32_1.0.0.202411081344/tools/bin/../lib/gcc/arm-none-eabi/13.3.1/../../../../arm-none-eabi/lib/thumb/v7e-m+fp/hard\libc_nano.a(libc_a-lock.o)
                0x200002b4                __lock___malloc_recursive_mutex
 *fill*         0x200002b5        0x3 
 .bss.__malloc_sbrk_start
                0x200002b8        0x4 E:/STM32CubeIDE_1.19.0/STM32CubeIDE/plugins/com.st.stm32cube.ide.mcu.externaltools.gnu-tools-for-stm32.13.3.rel1.win32_1.0.0.202411081344/tools/bin/../lib/gcc/arm-none-eabi/13.3.1/../../../../arm-none-eabi/lib/thumb/v7e-m+fp/hard\libc_nano.a(libc_a-mallocr.o)
                0x200002b8                __malloc_sbrk_start
 .bss.__malloc_free_list
                0x200002bc        0x4 E:/STM32CubeIDE_1.19.0/STM32CubeIDE/plugins/com.st.stm32cube.ide.mcu.externaltools.gnu-tools-for-stm32.13.3.rel1.win32_1.0.0.202411081344/tools/bin/../lib/gcc/arm-none-eabi/13.3.1/../../../../arm-none-eabi/lib/thumb/v7e-m+fp/hard\libc_nano.a(libc_a-mallocr.o)
                0x200002bc                __malloc_free_list
 *(COMMON)
                0x200002c0                        . = ALIGN (0x4)
                0x200002c0                        _ebss = .
                0x200002c0                        __bss_end__ = _ebss

._user_heap_stack
                0x200002c0      0x600
                0x200002c0                        . = ALIGN (0x8)
                [!provide]                        PROVIDE (end = .)
                0x200002c0                        PROVIDE (_end = .)
                0x200004c0                        . = (. + _Min_Heap_Size)
 *fill*         0x200002c0      0x200 
                0x200008c0                        . = (. + _Min_Stack_Size)
 *fill*         0x200004c0      0x400 
                0x200008c0                        . = ALIGN (0x8)

/DISCARD/
 libc.a(*)
 libm.a(*)
 libgcc.a(*)

.ARM.attributes
                0x00000000       0x30
 *(.ARM.attributes)
 .ARM.attributes
                0x00000000       0x22 E:/STM32CubeIDE_1.19.0/STM32CubeIDE/plugins/com.st.stm32cube.ide.mcu.externaltools.gnu-tools-for-stm32.13.3.rel1.win32_1.0.0.202411081344/tools/bin/../lib/gcc/arm-none-eabi/13.3.1/thumb/v7e-m+fp/hard/crti.o
 .ARM.attributes
                0x00000022       0x34 E:/STM32CubeIDE_1.19.0/STM32CubeIDE/plugins/com.st.stm32cube.ide.mcu.externaltools.gnu-tools-for-stm32.13.3.rel1.win32_1.0.0.202411081344/tools/bin/../lib/gcc/arm-none-eabi/13.3.1/thumb/v7e-m+fp/hard/crtbegin.o
 .ARM.attributes
                0x00000056       0x34 ./Core/Src/MQ2.o
 .ARM.attributes
                0x0000008a       0x34 ./Core/Src/buzzer.o
 .ARM.attributes
                0x000000be       0x34 ./Core/Src/dht11.o
 .ARM.attributes
                0x000000f2       0x34 ./Core/Src/main.o
 .ARM.attributes
                0x00000126       0x34 ./Core/Src/my_lcd.o
 .ARM.attributes
                0x0000015a       0x34 ./Core/Src/my_led.o
 .ARM.attributes
                0x0000018e       0x34 ./Core/Src/stm32f4xx_hal_msp.o
 .ARM.attributes
                0x000001c2       0x34 ./Core/Src/stm32f4xx_it.o
 .ARM.attributes
                0x000001f6       0x34 ./Core/Src/sysmem.o
 .ARM.attributes
                0x0000022a       0x34 ./Core/Src/system_stm32f4xx.o
 .ARM.attributes
                0x0000025e       0x21 ./Core/Startup/startup_stm32f407vgtx.o
 .ARM.attributes
                0x0000027f       0x34 ./Drivers/STM32F4xx_HAL_Driver/Src/stm32f4xx_hal.o
 .ARM.attributes
                0x000002b3       0x34 ./Drivers/STM32F4xx_HAL_Driver/Src/stm32f4xx_hal_adc.o
 .ARM.attributes
                0x000002e7       0x34 ./Drivers/STM32F4xx_HAL_Driver/Src/stm32f4xx_hal_cortex.o
 .ARM.attributes
                0x0000031b       0x34 ./Drivers/STM32F4xx_HAL_Driver/Src/stm32f4xx_hal_gpio.o
 .ARM.attributes
                0x0000034f       0x34 ./Drivers/STM32F4xx_HAL_Driver/Src/stm32f4xx_hal_i2c.o
 .ARM.attributes
                0x00000383       0x34 ./Drivers/STM32F4xx_HAL_Driver/Src/stm32f4xx_hal_rcc.o
 .ARM.attributes
                0x000003b7       0x34 ./Drivers/STM32F4xx_HAL_Driver/Src/stm32f4xx_hal_uart.o
 .ARM.attributes
                0x000003eb       0x34 E:/STM32CubeIDE_1.19.0/STM32CubeIDE/plugins/com.st.stm32cube.ide.mcu.externaltools.gnu-tools-for-stm32.13.3.rel1.win32_1.0.0.202411081344/tools/bin/../lib/gcc/arm-none-eabi/13.3.1/../../../../arm-none-eabi/lib/thumb/v7e-m+fp/hard\libc_nano.a(libc_a-findfp.o)
 .ARM.attributes
                0x0000041f       0x34 E:/STM32CubeIDE_1.19.0/STM32CubeIDE/plugins/com.st.stm32cube.ide.mcu.externaltools.gnu-tools-for-stm32.13.3.rel1.win32_1.0.0.202411081344/tools/bin/../lib/gcc/arm-none-eabi/13.3.1/../../../../arm-none-eabi/lib/thumb/v7e-m+fp/hard\libc_nano.a(libc_a-sprintf.o)
 .ARM.attributes
                0x00000453       0x34 E:/STM32CubeIDE_1.19.0/STM32CubeIDE/plugins/com.st.stm32cube.ide.mcu.externaltools.gnu-tools-for-stm32.13.3.rel1.win32_1.0.0.202411081344/tools/bin/../lib/gcc/arm-none-eabi/13.3.1/../../../../arm-none-eabi/lib/thumb/v7e-m+fp/hard\libc_nano.a(libc_a-memset.o)
 .ARM.attributes
                0x00000487       0x34 E:/STM32CubeIDE_1.19.0/STM32CubeIDE/plugins/com.st.stm32cube.ide.mcu.externaltools.gnu-tools-for-stm32.13.3.rel1.win32_1.0.0.202411081344/tools/bin/../lib/gcc/arm-none-eabi/13.3.1/../../../../arm-none-eabi/lib/thumb/v7e-m+fp/hard\libc_nano.a(libc_a-reent.o)
 .ARM.attributes
                0x000004bb       0x34 E:/STM32CubeIDE_1.19.0/STM32CubeIDE/plugins/com.st.stm32cube.ide.mcu.externaltools.gnu-tools-for-stm32.13.3.rel1.win32_1.0.0.202411081344/tools/bin/../lib/gcc/arm-none-eabi/13.3.1/../../../../arm-none-eabi/lib/thumb/v7e-m+fp/hard\libc_nano.a(libc_a-impure.o)
 .ARM.attributes
                0x000004ef       0x34 E:/STM32CubeIDE_1.19.0/STM32CubeIDE/plugins/com.st.stm32cube.ide.mcu.externaltools.gnu-tools-for-stm32.13.3.rel1.win32_1.0.0.202411081344/tools/bin/../lib/gcc/arm-none-eabi/13.3.1/../../../../arm-none-eabi/lib/thumb/v7e-m+fp/hard\libc_nano.a(libc_a-errno.o)
 .ARM.attributes
                0x00000523       0x34 E:/STM32CubeIDE_1.19.0/STM32CubeIDE/plugins/com.st.stm32cube.ide.mcu.externaltools.gnu-tools-for-stm32.13.3.rel1.win32_1.0.0.202411081344/tools/bin/../lib/gcc/arm-none-eabi/13.3.1/../../../../arm-none-eabi/lib/thumb/v7e-m+fp/hard\libc_nano.a(libc_a-init.o)
 .ARM.attributes
                0x00000557       0x34 E:/STM32CubeIDE_1.19.0/STM32CubeIDE/plugins/com.st.stm32cube.ide.mcu.externaltools.gnu-tools-for-stm32.13.3.rel1.win32_1.0.0.202411081344/tools/bin/../lib/gcc/arm-none-eabi/13.3.1/../../../../arm-none-eabi/lib/thumb/v7e-m+fp/hard\libc_nano.a(libc_a-lock.o)
 .ARM.attributes
                0x0000058b       0x17 E:/STM32CubeIDE_1.19.0/STM32CubeIDE/plugins/com.st.stm32cube.ide.mcu.externaltools.gnu-tools-for-stm32.13.3.rel1.win32_1.0.0.202411081344/tools/bin/../lib/gcc/arm-none-eabi/13.3.1/../../../../arm-none-eabi/lib/thumb/v7e-m+fp/hard\libc_nano.a(libc_a-strlen.o)
 .ARM.attributes
                0x000005a2       0x34 E:/STM32CubeIDE_1.19.0/STM32CubeIDE/plugins/com.st.stm32cube.ide.mcu.externaltools.gnu-tools-for-stm32.13.3.rel1.win32_1.0.0.202411081344/tools/bin/../lib/gcc/arm-none-eabi/13.3.1/../../../../arm-none-eabi/lib/thumb/v7e-m+fp/hard\libc_nano.a(libc_a-freer.o)
 .ARM.attributes
                0x000005d6       0x34 E:/STM32CubeIDE_1.19.0/STM32CubeIDE/plugins/com.st.stm32cube.ide.mcu.externaltools.gnu-tools-for-stm32.13.3.rel1.win32_1.0.0.202411081344/tools/bin/../lib/gcc/arm-none-eabi/13.3.1/../../../../arm-none-eabi/lib/thumb/v7e-m+fp/hard\libc_nano.a(libc_a-mallocr.o)
 .ARM.attributes
                0x0000060a       0x34 E:/STM32CubeIDE_1.19.0/STM32CubeIDE/plugins/com.st.stm32cube.ide.mcu.externaltools.gnu-tools-for-stm32.13.3.rel1.win32_1.0.0.202411081344/tools/bin/../lib/gcc/arm-none-eabi/13.3.1/../../../../arm-none-eabi/lib/thumb/v7e-m+fp/hard\libc_nano.a(libc_a-mlock.o)
 .ARM.attributes
                0x0000063e       0x34 E:/STM32CubeIDE_1.19.0/STM32CubeIDE/plugins/com.st.stm32cube.ide.mcu.externaltools.gnu-tools-for-stm32.13.3.rel1.win32_1.0.0.202411081344/tools/bin/../lib/gcc/arm-none-eabi/13.3.1/../../../../arm-none-eabi/lib/thumb/v7e-m+fp/hard\libc_nano.a(libc_a-nano-svfprintf.o)
 .ARM.attributes
                0x00000672       0x34 E:/STM32CubeIDE_1.19.0/STM32CubeIDE/plugins/com.st.stm32cube.ide.mcu.externaltools.gnu-tools-for-stm32.13.3.rel1.win32_1.0.0.202411081344/tools/bin/../lib/gcc/arm-none-eabi/13.3.1/../../../../arm-none-eabi/lib/thumb/v7e-m+fp/hard\libc_nano.a(libc_a-nano-vfprintf_i.o)
 .ARM.attributes
                0x000006a6       0x34 E:/STM32CubeIDE_1.19.0/STM32CubeIDE/plugins/com.st.stm32cube.ide.mcu.externaltools.gnu-tools-for-stm32.13.3.rel1.win32_1.0.0.202411081344/tools/bin/../lib/gcc/arm-none-eabi/13.3.1/../../../../arm-none-eabi/lib/thumb/v7e-m+fp/hard\libc_nano.a(libc_a-memmove.o)
 .ARM.attributes
                0x000006da       0x34 E:/STM32CubeIDE_1.19.0/STM32CubeIDE/plugins/com.st.stm32cube.ide.mcu.externaltools.gnu-tools-for-stm32.13.3.rel1.win32_1.0.0.202411081344/tools/bin/../lib/gcc/arm-none-eabi/13.3.1/../../../../arm-none-eabi/lib/thumb/v7e-m+fp/hard\libc_nano.a(libc_a-sbrkr.o)
 .ARM.attributes
                0x0000070e       0x1c E:/STM32CubeIDE_1.19.0/STM32CubeIDE/plugins/com.st.stm32cube.ide.mcu.externaltools.gnu-tools-for-stm32.13.3.rel1.win32_1.0.0.202411081344/tools/bin/../lib/gcc/arm-none-eabi/13.3.1/../../../../arm-none-eabi/lib/thumb/v7e-m+fp/hard\libc_nano.a(libc_a-memchr.o)
 .ARM.attributes
                0x0000072a       0x34 E:/STM32CubeIDE_1.19.0/STM32CubeIDE/plugins/com.st.stm32cube.ide.mcu.externaltools.gnu-tools-for-stm32.13.3.rel1.win32_1.0.0.202411081344/tools/bin/../lib/gcc/arm-none-eabi/13.3.1/../../../../arm-none-eabi/lib/thumb/v7e-m+fp/hard\libc_nano.a(libc_a-memcpy-stub.o)
 .ARM.attributes
                0x0000075e       0x34 E:/STM32CubeIDE_1.19.0/STM32CubeIDE/plugins/com.st.stm32cube.ide.mcu.externaltools.gnu-tools-for-stm32.13.3.rel1.win32_1.0.0.202411081344/tools/bin/../lib/gcc/arm-none-eabi/13.3.1/../../../../arm-none-eabi/lib/thumb/v7e-m+fp/hard\libc_nano.a(libc_a-reallocr.o)
 .ARM.attributes
                0x00000792       0x34 E:/STM32CubeIDE_1.19.0/STM32CubeIDE/plugins/com.st.stm32cube.ide.mcu.externaltools.gnu-tools-for-stm32.13.3.rel1.win32_1.0.0.202411081344/tools/bin/../lib/gcc/arm-none-eabi/13.3.1/../../../../arm-none-eabi/lib/thumb/v7e-m+fp/hard\libc_nano.a(libc_a-msizer.o)
 .ARM.attributes
                0x000007c6       0x22 E:/STM32CubeIDE_1.19.0/STM32CubeIDE/plugins/com.st.stm32cube.ide.mcu.externaltools.gnu-tools-for-stm32.13.3.rel1.win32_1.0.0.202411081344/tools/bin/../lib/gcc/arm-none-eabi/13.3.1/thumb/v7e-m+fp/hard\libgcc.a(_aeabi_uldivmod.o)
 .ARM.attributes
                0x000007e8       0x34 E:/STM32CubeIDE_1.19.0/STM32CubeIDE/plugins/com.st.stm32cube.ide.mcu.externaltools.gnu-tools-for-stm32.13.3.rel1.win32_1.0.0.202411081344/tools/bin/../lib/gcc/arm-none-eabi/13.3.1/thumb/v7e-m+fp/hard\libgcc.a(_udivmoddi4.o)
 .ARM.attributes
                0x0000081c       0x22 E:/STM32CubeIDE_1.19.0/STM32CubeIDE/plugins/com.st.stm32cube.ide.mcu.externaltools.gnu-tools-for-stm32.13.3.rel1.win32_1.0.0.202411081344/tools/bin/../lib/gcc/arm-none-eabi/13.3.1/thumb/v7e-m+fp/hard\libgcc.a(_dvmd_tls.o)
 .ARM.attributes
                0x0000083e       0x22 E:/STM32CubeIDE_1.19.0/STM32CubeIDE/plugins/com.st.stm32cube.ide.mcu.externaltools.gnu-tools-for-stm32.13.3.rel1.win32_1.0.0.202411081344/tools/bin/../lib/gcc/arm-none-eabi/13.3.1/thumb/v7e-m+fp/hard/crtn.o
OUTPUT(MQ_2.elf elf32-littlearm)
LOAD linker stubs
LOAD E:/STM32CubeIDE_1.19.0/STM32CubeIDE/plugins/com.st.stm32cube.ide.mcu.externaltools.gnu-tools-for-stm32.13.3.rel1.win32_1.0.0.202411081344/tools/bin/../lib/gcc/arm-none-eabi/13.3.1/../../../../arm-none-eabi/lib/thumb/v7e-m+fp/hard\libc.a
LOAD E:/STM32CubeIDE_1.19.0/STM32CubeIDE/plugins/com.st.stm32cube.ide.mcu.externaltools.gnu-tools-for-stm32.13.3.rel1.win32_1.0.0.202411081344/tools/bin/../lib/gcc/arm-none-eabi/13.3.1/../../../../arm-none-eabi/lib/thumb/v7e-m+fp/hard\libm.a
LOAD E:/STM32CubeIDE_1.19.0/STM32CubeIDE/plugins/com.st.stm32cube.ide.mcu.externaltools.gnu-tools-for-stm32.13.3.rel1.win32_1.0.0.202411081344/tools/bin/../lib/gcc/arm-none-eabi/13.3.1/thumb/v7e-m+fp/hard\libgcc.a

.debug_info     0x00000000     0xc8f1
 .debug_info    0x00000000      0x75b ./Core/Src/MQ2.o
 .debug_info    0x0000075b      0x1d2 ./Core/Src/buzzer.o
 .debug_info    0x0000092d      0x580 ./Core/Src/dht11.o
 .debug_info    0x00000ead     0x1347 ./Core/Src/main.o
 .debug_info    0x000021f4      0x7f7 ./Core/Src/my_lcd.o
 .debug_info    0x000029eb      0x1af ./Core/Src/my_led.o
 .debug_info    0x00002b9a      0xefe ./Core/Src/stm32f4xx_hal_msp.o
 .debug_info    0x00003a98      0x112 ./Core/Src/stm32f4xx_it.o
 .debug_info    0x00003baa      0x168 ./Core/Src/sysmem.o
 .debug_info    0x00003d12      0x512 ./Core/Src/system_stm32f4xx.o
 .debug_info    0x00004224       0x30 ./Core/Startup/startup_stm32f407vgtx.o
 .debug_info    0x00004254      0x944 ./Drivers/STM32F4xx_HAL_Driver/Src/stm32f4xx_hal.o
 .debug_info    0x00004b98      0xce3 ./Drivers/STM32F4xx_HAL_Driver/Src/stm32f4xx_hal_adc.o
 .debug_info    0x0000587b      0xd8c ./Drivers/STM32F4xx_HAL_Driver/Src/stm32f4xx_hal_cortex.o
 .debug_info    0x00006607      0x6c3 ./Drivers/STM32F4xx_HAL_Driver/Src/stm32f4xx_hal_gpio.o
 .debug_info    0x00006cca     0x2415 ./Drivers/STM32F4xx_HAL_Driver/Src/stm32f4xx_hal_i2c.o
 .debug_info    0x000090df      0x8c3 ./Drivers/STM32F4xx_HAL_Driver/Src/stm32f4xx_hal_rcc.o
 .debug_info    0x000099a2     0x2f4f ./Drivers/STM32F4xx_HAL_Driver/Src/stm32f4xx_hal_uart.o

.debug_abbrev   0x00000000     0x20b2
 .debug_abbrev  0x00000000      0x210 ./Core/Src/MQ2.o
 .debug_abbrev  0x00000210       0xf6 ./Core/Src/buzzer.o
 .debug_abbrev  0x00000306      0x1f1 ./Core/Src/dht11.o
 .debug_abbrev  0x000004f7      0x2dc ./Core/Src/main.o
 .debug_abbrev  0x000007d3      0x1f3 ./Core/Src/my_lcd.o
 .debug_abbrev  0x000009c6       0xf4 ./Core/Src/my_led.o
 .debug_abbrev  0x00000aba      0x1c2 ./Core/Src/stm32f4xx_hal_msp.o
 .debug_abbrev  0x00000c7c       0x73 ./Core/Src/stm32f4xx_it.o
 .debug_abbrev  0x00000cef       0xbc ./Core/Src/sysmem.o
 .debug_abbrev  0x00000dab      0x11a ./Core/Src/system_stm32f4xx.o
 .debug_abbrev  0x00000ec5       0x24 ./Core/Startup/startup_stm32f407vgtx.o
 .debug_abbrev  0x00000ee9      0x214 ./Drivers/STM32F4xx_HAL_Driver/Src/stm32f4xx_hal.o
 .debug_abbrev  0x000010fd      0x252 ./Drivers/STM32F4xx_HAL_Driver/Src/stm32f4xx_hal_adc.o
 .debug_abbrev  0x0000134f      0x31d ./Drivers/STM32F4xx_HAL_Driver/Src/stm32f4xx_hal_cortex.o
 .debug_abbrev  0x0000166c      0x1d4 ./Drivers/STM32F4xx_HAL_Driver/Src/stm32f4xx_hal_gpio.o
 .debug_abbrev  0x00001840      0x2ad ./Drivers/STM32F4xx_HAL_Driver/Src/stm32f4xx_hal_i2c.o
 .debug_abbrev  0x00001aed      0x2b7 ./Drivers/STM32F4xx_HAL_Driver/Src/stm32f4xx_hal_rcc.o
 .debug_abbrev  0x00001da4      0x30e ./Drivers/STM32F4xx_HAL_Driver/Src/stm32f4xx_hal_uart.o

.debug_aranges  0x00000000      0xb18
 .debug_aranges
                0x00000000       0x20 ./Core/Src/MQ2.o
 .debug_aranges
                0x00000020       0x30 ./Core/Src/buzzer.o
 .debug_aranges
                0x00000050       0x40 ./Core/Src/dht11.o
 .debug_aranges
                0x00000090       0x50 ./Core/Src/main.o
 .debug_aranges
                0x000000e0       0x58 ./Core/Src/my_lcd.o
 .debug_aranges
                0x00000138       0x28 ./Core/Src/my_led.o
 .debug_aranges
                0x00000160       0x50 ./Core/Src/stm32f4xx_hal_msp.o
 .debug_aranges
                0x000001b0       0x60 ./Core/Src/stm32f4xx_it.o
 .debug_aranges
                0x00000210       0x20 ./Core/Src/sysmem.o
 .debug_aranges
                0x00000230       0x28 ./Core/Src/system_stm32f4xx.o
 .debug_aranges
                0x00000258       0x28 ./Core/Startup/startup_stm32f407vgtx.o
 .debug_aranges
                0x00000280       0xf0 ./Drivers/STM32F4xx_HAL_Driver/Src/stm32f4xx_hal.o
 .debug_aranges
                0x00000370       0xe8 ./Drivers/STM32F4xx_HAL_Driver/Src/stm32f4xx_hal_adc.o
 .debug_aranges
                0x00000458      0x130 ./Drivers/STM32F4xx_HAL_Driver/Src/stm32f4xx_hal_cortex.o
 .debug_aranges
                0x00000588       0x58 ./Drivers/STM32F4xx_HAL_Driver/Src/stm32f4xx_hal_gpio.o
 .debug_aranges
                0x000005e0      0x2a8 ./Drivers/STM32F4xx_HAL_Driver/Src/stm32f4xx_hal_i2c.o
 .debug_aranges
                0x00000888       0x88 ./Drivers/STM32F4xx_HAL_Driver/Src/stm32f4xx_hal_rcc.o
 .debug_aranges
                0x00000910      0x208 ./Drivers/STM32F4xx_HAL_Driver/Src/stm32f4xx_hal_uart.o

.debug_rnglists
                0x00000000      0x895
 .debug_rnglists
                0x00000000       0x14 ./Core/Src/MQ2.o
 .debug_rnglists
                0x00000014       0x1f ./Core/Src/buzzer.o
 .debug_rnglists
                0x00000033       0x2c ./Core/Src/dht11.o
 .debug_rnglists
                0x0000005f       0x3b ./Core/Src/main.o
 .debug_rnglists
                0x0000009a       0x3e ./Core/Src/my_lcd.o
 .debug_rnglists
                0x000000d8       0x19 ./Core/Src/my_led.o
 .debug_rnglists
                0x000000f1       0x3a ./Core/Src/stm32f4xx_hal_msp.o
 .debug_rnglists
                0x0000012b       0x43 ./Core/Src/stm32f4xx_it.o
 .debug_rnglists
                0x0000016e       0x13 ./Core/Src/sysmem.o
 .debug_rnglists
                0x00000181       0x1a ./Core/Src/system_stm32f4xx.o
 .debug_rnglists
                0x0000019b       0x19 ./Core/Startup/startup_stm32f407vgtx.o
 .debug_rnglists
                0x000001b4       0xaf ./Drivers/STM32F4xx_HAL_Driver/Src/stm32f4xx_hal.o
 .debug_rnglists
                0x00000263       0xb5 ./Drivers/STM32F4xx_HAL_Driver/Src/stm32f4xx_hal_adc.o
 .debug_rnglists
                0x00000318       0xe0 ./Drivers/STM32F4xx_HAL_Driver/Src/stm32f4xx_hal_cortex.o
 .debug_rnglists
                0x000003f8       0x3f ./Drivers/STM32F4xx_HAL_Driver/Src/stm32f4xx_hal_gpio.o
 .debug_rnglists
                0x00000437      0x23c ./Drivers/STM32F4xx_HAL_Driver/Src/stm32f4xx_hal_i2c.o
 .debug_rnglists
                0x00000673       0x66 ./Drivers/STM32F4xx_HAL_Driver/Src/stm32f4xx_hal_rcc.o
 .debug_rnglists
                0x000006d9      0x1bc ./Drivers/STM32F4xx_HAL_Driver/Src/stm32f4xx_hal_uart.o

.debug_macro    0x00000000    0x2292b
 .debug_macro   0x00000000      0x348 ./Core/Src/MQ2.o
 .debug_macro   0x00000348      0xad8 ./Core/Src/MQ2.o
 .debug_macro   0x00000e20      0x2a1 ./Core/Src/MQ2.o
 .debug_macro   0x000010c1       0x2e ./Core/Src/MQ2.o
 .debug_macro   0x000010ef       0x2f ./Core/Src/MQ2.o
 .debug_macro   0x0000111e       0x22 ./Core/Src/MQ2.o
 .debug_macro   0x00001140       0x8e ./Core/Src/MQ2.o
 .debug_macro   0x000011ce       0x51 ./Core/Src/MQ2.o
 .debug_macro   0x0000121f      0x103 ./Core/Src/MQ2.o
 .debug_macro   0x00001322       0x6a ./Core/Src/MQ2.o
 .debug_macro   0x0000138c      0x1df ./Core/Src/MQ2.o
 .debug_macro   0x0000156b       0x1c ./Core/Src/MQ2.o
 .debug_macro   0x00001587       0x22 ./Core/Src/MQ2.o
 .debug_macro   0x000015a9       0xfb ./Core/Src/MQ2.o
 .debug_macro   0x000016a4     0x1011 ./Core/Src/MQ2.o
 .debug_macro   0x000026b5      0x11f ./Core/Src/MQ2.o
 .debug_macro   0x000027d4    0x15ea5 ./Core/Src/MQ2.o
 .debug_macro   0x00018679       0x6d ./Core/Src/MQ2.o
 .debug_macro   0x000186e6     0x3693 ./Core/Src/MQ2.o
 .debug_macro   0x0001bd79      0x190 ./Core/Src/MQ2.o
 .debug_macro   0x0001bf09       0x5c ./Core/Src/MQ2.o
 .debug_macro   0x0001bf65      0x980 ./Core/Src/MQ2.o
 .debug_macro   0x0001c8e5      0x9e9 ./Core/Src/MQ2.o
 .debug_macro   0x0001d2ce      0x115 ./Core/Src/MQ2.o
 .debug_macro   0x0001d3e3      0x13e ./Core/Src/MQ2.o
 .debug_macro   0x0001d521       0xa5 ./Core/Src/MQ2.o
 .debug_macro   0x0001d5c6      0x174 ./Core/Src/MQ2.o
 .debug_macro   0x0001d73a      0x287 ./Core/Src/MQ2.o
 .debug_macro   0x0001d9c1       0x5f ./Core/Src/MQ2.o
 .debug_macro   0x0001da20      0x236 ./Core/Src/MQ2.o
 .debug_macro   0x0001dc56      0xb5b ./Core/Src/MQ2.o
 .debug_macro   0x0001e7b1      0x38b ./Core/Src/MQ2.o
 .debug_macro   0x0001eb3c      0x176 ./Core/Src/MQ2.o
 .debug_macro   0x0001ecb2       0xf9 ./Core/Src/MQ2.o
 .debug_macro   0x0001edab      0x12c ./Core/Src/MQ2.o
 .debug_macro   0x0001eed7      0x21e ./Core/Src/MQ2.o
 .debug_macro   0x0001f0f5       0x2e ./Core/Src/MQ2.o
 .debug_macro   0x0001f123      0x1b5 ./Core/Src/MQ2.o
 .debug_macro   0x0001f2d8       0xd6 ./Core/Src/MQ2.o
 .debug_macro   0x0001f3ae      0x127 ./Core/Src/MQ2.o
 .debug_macro   0x0001f4d5       0x7e ./Core/Src/MQ2.o
 .debug_macro   0x0001f553       0x89 ./Core/Src/MQ2.o
 .debug_macro   0x0001f5dc      0x2aa ./Core/Src/MQ2.o
 .debug_macro   0x0001f886      0x12d ./Core/Src/MQ2.o
 .debug_macro   0x0001f9b3       0x22 ./Core/Src/MQ2.o
 .debug_macro   0x0001f9d5       0x58 ./Core/Src/MQ2.o
 .debug_macro   0x0001fa2d       0x61 ./Core/Src/MQ2.o
 .debug_macro   0x0001fa8e       0x2a ./Core/Src/MQ2.o
 .debug_macro   0x0001fab8       0x43 ./Core/Src/MQ2.o
 .debug_macro   0x0001fafb       0x34 ./Core/Src/MQ2.o
 .debug_macro   0x0001fb2f       0x16 ./Core/Src/MQ2.o
 .debug_macro   0x0001fb45       0x3c ./Core/Src/MQ2.o
 .debug_macro   0x0001fb81      0x370 ./Core/Src/MQ2.o
 .debug_macro   0x0001fef1       0x10 ./Core/Src/MQ2.o
 .debug_macro   0x0001ff01       0x16 ./Core/Src/MQ2.o
 .debug_macro   0x0001ff17       0x4a ./Core/Src/MQ2.o
 .debug_macro   0x0001ff61       0x34 ./Core/Src/MQ2.o
 .debug_macro   0x0001ff95       0x10 ./Core/Src/MQ2.o
 .debug_macro   0x0001ffa5       0x58 ./Core/Src/MQ2.o
 .debug_macro   0x0001fffd       0x8e ./Core/Src/MQ2.o
 .debug_macro   0x0002008b       0x1c ./Core/Src/MQ2.o
 .debug_macro   0x000200a7      0x185 ./Core/Src/MQ2.o
 .debug_macro   0x0002022c       0x16 ./Core/Src/MQ2.o
 .debug_macro   0x00020242       0x16 ./Core/Src/MQ2.o
 .debug_macro   0x00020258      0x146 ./Core/Src/MQ2.o
 .debug_macro   0x0002039e       0x16 ./Core/Src/MQ2.o
 .debug_macro   0x000203b4       0x20 ./Core/Src/MQ2.o
 .debug_macro   0x000203d4      0x212 ./Core/Src/buzzer.o
 .debug_macro   0x000205e6      0x206 ./Core/Src/dht11.o
 .debug_macro   0x000207ec      0x342 ./Core/Src/main.o
 .debug_macro   0x00020b2e      0x32f ./Core/Src/my_lcd.o
 .debug_macro   0x00020e5d       0x52 ./Core/Src/my_lcd.o
 .debug_macro   0x00020eaf       0x4c ./Core/Src/my_lcd.o
 .debug_macro   0x00020efb      0x212 ./Core/Src/my_led.o
 .debug_macro   0x0002110d      0x206 ./Core/Src/stm32f4xx_hal_msp.o
 .debug_macro   0x00021313      0x210 ./Core/Src/stm32f4xx_it.o
 .debug_macro   0x00021523      0x112 ./Core/Src/sysmem.o
 .debug_macro   0x00021635      0x23c ./Core/Src/sysmem.o
 .debug_macro   0x00021871      0x1fc ./Core/Src/system_stm32f4xx.o
 .debug_macro   0x00021a6d      0x25c ./Drivers/STM32F4xx_HAL_Driver/Src/stm32f4xx_hal.o
 .debug_macro   0x00021cc9      0x1fd ./Drivers/STM32F4xx_HAL_Driver/Src/stm32f4xx_hal_adc.o
 .debug_macro   0x00021ec6      0x1fc ./Drivers/STM32F4xx_HAL_Driver/Src/stm32f4xx_hal_cortex.o
 .debug_macro   0x000220c2      0x202 ./Drivers/STM32F4xx_HAL_Driver/Src/stm32f4xx_hal_gpio.o
 .debug_macro   0x000222c4      0x24a ./Drivers/STM32F4xx_HAL_Driver/Src/stm32f4xx_hal_i2c.o
 .debug_macro   0x0002250e      0x220 ./Drivers/STM32F4xx_HAL_Driver/Src/stm32f4xx_hal_rcc.o
 .debug_macro   0x0002272e      0x1fd ./Drivers/STM32F4xx_HAL_Driver/Src/stm32f4xx_hal_uart.o

.debug_line     0x00000000     0xfaaa
 .debug_line    0x00000000      0x977 ./Core/Src/MQ2.o
 .debug_line    0x00000977      0x7a5 ./Core/Src/buzzer.o
 .debug_line    0x0000111c      0x8e3 ./Core/Src/dht11.o
 .debug_line    0x000019ff      0xb16 ./Core/Src/main.o
 .debug_line    0x00002515      0xa21 ./Core/Src/my_lcd.o
 .debug_line    0x00002f36      0x78e ./Core/Src/my_led.o
 .debug_line    0x000036c4      0x864 ./Core/Src/stm32f4xx_hal_msp.o
 .debug_line    0x00003f28      0x830 ./Core/Src/stm32f4xx_it.o
 .debug_line    0x00004758      0x579 ./Core/Src/sysmem.o
 .debug_line    0x00004cd1      0x7f7 ./Core/Src/system_stm32f4xx.o
 .debug_line    0x000054c8       0x7a ./Core/Startup/startup_stm32f407vgtx.o
 .debug_line    0x00005542      0xa73 ./Drivers/STM32F4xx_HAL_Driver/Src/stm32f4xx_hal.o
 .debug_line    0x00005fb5     0x128a ./Drivers/STM32F4xx_HAL_Driver/Src/stm32f4xx_hal_adc.o
 .debug_line    0x0000723f      0xd43 ./Drivers/STM32F4xx_HAL_Driver/Src/stm32f4xx_hal_cortex.o
 .debug_line    0x00007f82      0xbcb ./Drivers/STM32F4xx_HAL_Driver/Src/stm32f4xx_hal_gpio.o
 .debug_line    0x00008b4d     0x3b20 ./Drivers/STM32F4xx_HAL_Driver/Src/stm32f4xx_hal_i2c.o
 .debug_line    0x0000c66d      0xe82 ./Drivers/STM32F4xx_HAL_Driver/Src/stm32f4xx_hal_rcc.o
 .debug_line    0x0000d4ef     0x25bb ./Drivers/STM32F4xx_HAL_Driver/Src/stm32f4xx_hal_uart.o

.debug_str      0x00000000    0xd1fcc
 .debug_str     0x00000000    0xd1fcc ./Core/Src/MQ2.o
                              0xcea04 (size before relaxing)
 .debug_str     0x000d1fcc    0xcac28 ./Core/Src/buzzer.o
 .debug_str     0x000d1fcc    0xcadc6 ./Core/Src/dht11.o
 .debug_str     0x000d1fcc    0xcf269 ./Core/Src/main.o
 .debug_str     0x000d1fcc    0xcec45 ./Core/Src/my_lcd.o
 .debug_str     0x000d1fcc    0xcabfb ./Core/Src/my_led.o
 .debug_str     0x000d1fcc    0xcb5dd ./Core/Src/stm32f4xx_hal_msp.o
 .debug_str     0x000d1fcc    0xcabe2 ./Core/Src/stm32f4xx_it.o
 .debug_str     0x000d1fcc     0x775d ./Core/Src/sysmem.o
 .debug_str     0x000d1fcc    0xcad0c ./Core/Src/system_stm32f4xx.o
 .debug_str     0x000d1fcc       0x5f ./Core/Startup/startup_stm32f407vgtx.o
 .debug_str     0x000d1fcc    0xcb890 ./Drivers/STM32F4xx_HAL_Driver/Src/stm32f4xx_hal.o
 .debug_str     0x000d1fcc    0xcb2f9 ./Drivers/STM32F4xx_HAL_Driver/Src/stm32f4xx_hal_adc.o
 .debug_str     0x000d1fcc    0xcb60c ./Drivers/STM32F4xx_HAL_Driver/Src/stm32f4xx_hal_cortex.o
 .debug_str     0x000d1fcc    0xcae87 ./Drivers/STM32F4xx_HAL_Driver/Src/stm32f4xx_hal_gpio.o
 .debug_str     0x000d1fcc    0xcbd2a ./Drivers/STM32F4xx_HAL_Driver/Src/stm32f4xx_hal_i2c.o
 .debug_str     0x000d1fcc    0xcb140 ./Drivers/STM32F4xx_HAL_Driver/Src/stm32f4xx_hal_rcc.o
 .debug_str     0x000d1fcc    0xcb721 ./Drivers/STM32F4xx_HAL_Driver/Src/stm32f4xx_hal_uart.o

.comment        0x00000000       0x43
 .comment       0x00000000       0x43 ./Core/Src/MQ2.o
                                 0x44 (size before relaxing)
 .comment       0x00000043       0x44 ./Core/Src/buzzer.o
 .comment       0x00000043       0x44 ./Core/Src/dht11.o
 .comment       0x00000043       0x44 ./Core/Src/main.o
 .comment       0x00000043       0x44 ./Core/Src/my_lcd.o
 .comment       0x00000043       0x44 ./Core/Src/my_led.o
 .comment       0x00000043       0x44 ./Core/Src/stm32f4xx_hal_msp.o
 .comment       0x00000043       0x44 ./Core/Src/stm32f4xx_it.o
 .comment       0x00000043       0x44 ./Core/Src/sysmem.o
 .comment       0x00000043       0x44 ./Core/Src/system_stm32f4xx.o
 .comment       0x00000043       0x44 ./Drivers/STM32F4xx_HAL_Driver/Src/stm32f4xx_hal.o
 .comment       0x00000043       0x44 ./Drivers/STM32F4xx_HAL_Driver/Src/stm32f4xx_hal_adc.o
 .comment       0x00000043       0x44 ./Drivers/STM32F4xx_HAL_Driver/Src/stm32f4xx_hal_cortex.o
 .comment       0x00000043       0x44 ./Drivers/STM32F4xx_HAL_Driver/Src/stm32f4xx_hal_gpio.o
 .comment       0x00000043       0x44 ./Drivers/STM32F4xx_HAL_Driver/Src/stm32f4xx_hal_i2c.o
 .comment       0x00000043       0x44 ./Drivers/STM32F4xx_HAL_Driver/Src/stm32f4xx_hal_rcc.o
 .comment       0x00000043       0x44 ./Drivers/STM32F4xx_HAL_Driver/Src/stm32f4xx_hal_uart.o

.debug_frame    0x00000000     0x31cc
 .debug_frame   0x00000000       0x34 ./Core/Src/MQ2.o
 .debug_frame   0x00000034       0x64 ./Core/Src/buzzer.o
 .debug_frame   0x00000098       0xc8 ./Core/Src/dht11.o
 .debug_frame   0x00000160       0xec ./Core/Src/main.o
 .debug_frame   0x0000024c      0x120 ./Core/Src/my_lcd.o
 .debug_frame   0x0000036c       0x48 ./Core/Src/my_led.o
 .debug_frame   0x000003b4      0x10c ./Core/Src/stm32f4xx_hal_msp.o
 .debug_frame   0x000004c0      0x104 ./Core/Src/stm32f4xx_it.o
 .debug_frame   0x000005c4       0x34 ./Core/Src/sysmem.o
 .debug_frame   0x000005f8       0x58 ./Core/Src/system_stm32f4xx.o
 .debug_frame   0x00000650      0x374 ./Drivers/STM32F4xx_HAL_Driver/Src/stm32f4xx_hal.o
 .debug_frame   0x000009c4      0x3fc ./Drivers/STM32F4xx_HAL_Driver/Src/stm32f4xx_hal_adc.o
 .debug_frame   0x00000dc0      0x508 ./Drivers/STM32F4xx_HAL_Driver/Src/stm32f4xx_hal_cortex.o
 .debug_frame   0x000012c8      0x14c ./Drivers/STM32F4xx_HAL_Driver/Src/stm32f4xx_hal_gpio.o
 .debug_frame   0x00001414      0xc84 ./Drivers/STM32F4xx_HAL_Driver/Src/stm32f4xx_hal_i2c.o
 .debug_frame   0x00002098      0x1f4 ./Drivers/STM32F4xx_HAL_Driver/Src/stm32f4xx_hal_rcc.o
 .debug_frame   0x0000228c      0x954 ./Drivers/STM32F4xx_HAL_Driver/Src/stm32f4xx_hal_uart.o
 .debug_frame   0x00002be0      0x144 E:/STM32CubeIDE_1.19.0/STM32CubeIDE/plugins/com.st.stm32cube.ide.mcu.externaltools.gnu-tools-for-stm32.13.3.rel1.win32_1.0.0.202411081344/tools/bin/../lib/gcc/arm-none-eabi/13.3.1/../../../../arm-none-eabi/lib/thumb/v7e-m+fp/hard\libc_nano.a(libc_a-findfp.o)
 .debug_frame   0x00002d24       0x74 E:/STM32CubeIDE_1.19.0/STM32CubeIDE/plugins/com.st.stm32cube.ide.mcu.externaltools.gnu-tools-for-stm32.13.3.rel1.win32_1.0.0.202411081344/tools/bin/../lib/gcc/arm-none-eabi/13.3.1/../../../../arm-none-eabi/lib/thumb/v7e-m+fp/hard\libc_nano.a(libc_a-sprintf.o)
 .debug_frame   0x00002d98       0x20 E:/STM32CubeIDE_1.19.0/STM32CubeIDE/plugins/com.st.stm32cube.ide.mcu.externaltools.gnu-tools-for-stm32.13.3.rel1.win32_1.0.0.202411081344/tools/bin/../lib/gcc/arm-none-eabi/13.3.1/../../../../arm-none-eabi/lib/thumb/v7e-m+fp/hard\libc_nano.a(libc_a-memset.o)
 .debug_frame   0x00002db8       0x38 E:/STM32CubeIDE_1.19.0/STM32CubeIDE/plugins/com.st.stm32cube.ide.mcu.externaltools.gnu-tools-for-stm32.13.3.rel1.win32_1.0.0.202411081344/tools/bin/../lib/gcc/arm-none-eabi/13.3.1/../../../../arm-none-eabi/lib/thumb/v7e-m+fp/hard\libc_nano.a(libc_a-reent.o)
 .debug_frame   0x00002df0       0x20 E:/STM32CubeIDE_1.19.0/STM32CubeIDE/plugins/com.st.stm32cube.ide.mcu.externaltools.gnu-tools-for-stm32.13.3.rel1.win32_1.0.0.202411081344/tools/bin/../lib/gcc/arm-none-eabi/13.3.1/../../../../arm-none-eabi/lib/thumb/v7e-m+fp/hard\libc_nano.a(libc_a-errno.o)
 .debug_frame   0x00002e10       0x2c E:/STM32CubeIDE_1.19.0/STM32CubeIDE/plugins/com.st.stm32cube.ide.mcu.externaltools.gnu-tools-for-stm32.13.3.rel1.win32_1.0.0.202411081344/tools/bin/../lib/gcc/arm-none-eabi/13.3.1/../../../../arm-none-eabi/lib/thumb/v7e-m+fp/hard\libc_nano.a(libc_a-init.o)
 .debug_frame   0x00002e3c       0xb0 E:/STM32CubeIDE_1.19.0/STM32CubeIDE/plugins/com.st.stm32cube.ide.mcu.externaltools.gnu-tools-for-stm32.13.3.rel1.win32_1.0.0.202411081344/tools/bin/../lib/gcc/arm-none-eabi/13.3.1/../../../../arm-none-eabi/lib/thumb/v7e-m+fp/hard\libc_nano.a(libc_a-lock.o)
 .debug_frame   0x00002eec       0x38 E:/STM32CubeIDE_1.19.0/STM32CubeIDE/plugins/com.st.stm32cube.ide.mcu.externaltools.gnu-tools-for-stm32.13.3.rel1.win32_1.0.0.202411081344/tools/bin/../lib/gcc/arm-none-eabi/13.3.1/../../../../arm-none-eabi/lib/thumb/v7e-m+fp/hard\libc_nano.a(libc_a-freer.o)
 .debug_frame   0x00002f24       0x50 E:/STM32CubeIDE_1.19.0/STM32CubeIDE/plugins/com.st.stm32cube.ide.mcu.externaltools.gnu-tools-for-stm32.13.3.rel1.win32_1.0.0.202411081344/tools/bin/../lib/gcc/arm-none-eabi/13.3.1/../../../../arm-none-eabi/lib/thumb/v7e-m+fp/hard\libc_nano.a(libc_a-mallocr.o)
 .debug_frame   0x00002f74       0x30 E:/STM32CubeIDE_1.19.0/STM32CubeIDE/plugins/com.st.stm32cube.ide.mcu.externaltools.gnu-tools-for-stm32.13.3.rel1.win32_1.0.0.202411081344/tools/bin/../lib/gcc/arm-none-eabi/13.3.1/../../../../arm-none-eabi/lib/thumb/v7e-m+fp/hard\libc_nano.a(libc_a-mlock.o)
 .debug_frame   0x00002fa4       0x90 E:/STM32CubeIDE_1.19.0/STM32CubeIDE/plugins/com.st.stm32cube.ide.mcu.externaltools.gnu-tools-for-stm32.13.3.rel1.win32_1.0.0.202411081344/tools/bin/../lib/gcc/arm-none-eabi/13.3.1/../../../../arm-none-eabi/lib/thumb/v7e-m+fp/hard\libc_nano.a(libc_a-nano-svfprintf.o)
 .debug_frame   0x00003034       0x60 E:/STM32CubeIDE_1.19.0/STM32CubeIDE/plugins/com.st.stm32cube.ide.mcu.externaltools.gnu-tools-for-stm32.13.3.rel1.win32_1.0.0.202411081344/tools/bin/../lib/gcc/arm-none-eabi/13.3.1/../../../../arm-none-eabi/lib/thumb/v7e-m+fp/hard\libc_nano.a(libc_a-nano-vfprintf_i.o)
 .debug_frame   0x00003094       0x28 E:/STM32CubeIDE_1.19.0/STM32CubeIDE/plugins/com.st.stm32cube.ide.mcu.externaltools.gnu-tools-for-stm32.13.3.rel1.win32_1.0.0.202411081344/tools/bin/../lib/gcc/arm-none-eabi/13.3.1/../../../../arm-none-eabi/lib/thumb/v7e-m+fp/hard\libc_nano.a(libc_a-memmove.o)
 .debug_frame   0x000030bc       0x2c E:/STM32CubeIDE_1.19.0/STM32CubeIDE/plugins/com.st.stm32cube.ide.mcu.externaltools.gnu-tools-for-stm32.13.3.rel1.win32_1.0.0.202411081344/tools/bin/../lib/gcc/arm-none-eabi/13.3.1/../../../../arm-none-eabi/lib/thumb/v7e-m+fp/hard\libc_nano.a(libc_a-sbrkr.o)
 .debug_frame   0x000030e8       0x28 E:/STM32CubeIDE_1.19.0/STM32CubeIDE/plugins/com.st.stm32cube.ide.mcu.externaltools.gnu-tools-for-stm32.13.3.rel1.win32_1.0.0.202411081344/tools/bin/../lib/gcc/arm-none-eabi/13.3.1/../../../../arm-none-eabi/lib/thumb/v7e-m+fp/hard\libc_nano.a(libc_a-memcpy-stub.o)
 .debug_frame   0x00003110       0x3c E:/STM32CubeIDE_1.19.0/STM32CubeIDE/plugins/com.st.stm32cube.ide.mcu.externaltools.gnu-tools-for-stm32.13.3.rel1.win32_1.0.0.202411081344/tools/bin/../lib/gcc/arm-none-eabi/13.3.1/../../../../arm-none-eabi/lib/thumb/v7e-m+fp/hard\libc_nano.a(libc_a-reallocr.o)
 .debug_frame   0x0000314c       0x20 E:/STM32CubeIDE_1.19.0/STM32CubeIDE/plugins/com.st.stm32cube.ide.mcu.externaltools.gnu-tools-for-stm32.13.3.rel1.win32_1.0.0.202411081344/tools/bin/../lib/gcc/arm-none-eabi/13.3.1/../../../../arm-none-eabi/lib/thumb/v7e-m+fp/hard\libc_nano.a(libc_a-msizer.o)
 .debug_frame   0x0000316c       0x2c E:/STM32CubeIDE_1.19.0/STM32CubeIDE/plugins/com.st.stm32cube.ide.mcu.externaltools.gnu-tools-for-stm32.13.3.rel1.win32_1.0.0.202411081344/tools/bin/../lib/gcc/arm-none-eabi/13.3.1/thumb/v7e-m+fp/hard\libgcc.a(_aeabi_uldivmod.o)
 .debug_frame   0x00003198       0x34 E:/STM32CubeIDE_1.19.0/STM32CubeIDE/plugins/com.st.stm32cube.ide.mcu.externaltools.gnu-tools-for-stm32.13.3.rel1.win32_1.0.0.202411081344/tools/bin/../lib/gcc/arm-none-eabi/13.3.1/thumb/v7e-m+fp/hard\libgcc.a(_udivmoddi4.o)

.debug_line_str
                0x00000000       0x43
 .debug_line_str
                0x00000000       0x43 ./Core/Startup/startup_stm32f407vgtx.o
